../MCAL/EXTI/src/EXTI_prog.c:12:9:EXTI_init	24	static
../MCAL/EXTI/src/EXTI_prog.c:51:9:EXTI_enable_Int	24	static
../MCAL/EXTI/src/EXTI_prog.c:66:9:EXTI_disable_Int	24	static
../MCAL/EXTI/src/EXTI_prog.c:81:9:EXTI_ClearPendingFlag	24	static
../MCAL/EXTI/src/EXTI_prog.c:97:9:EXTI_GetPendingFlag	24	static
../MCAL/EXTI/src/EXTI_prog.c:117:6:EXTI0_IRQHandler	8	static
../MCAL/EXTI/src/EXTI_prog.c:123:6:EXTI1_IRQHandler	8	static
../MCAL/EXTI/src/EXTI_prog.c:130:6:EXTI2_IRQHandler	8	static
../MCAL/EXTI/src/EXTI_prog.c:135:6:EXTI3_IRQHandler	8	static
../MCAL/EXTI/src/EXTI_prog.c:140:6:EXTI4_IRQHandler	8	static
../MCAL/EXTI/src/EXTI_prog.c:146:6:EXTI9_5_IRQHandler	8	static
../MCAL/EXTI/src/EXTI_prog.c:176:6:EXTI15_10_IRQHandler	8	static
