Archive member included to satisfy reference by file (symbol)

d:/abdelmegeed/arm programms/en.st-st_insatallation/stm32cubeide_1.12.0/stm32cubeide/plugins/com.st.stm32cube.ide.mcu.externaltools.gnu-tools-for-stm32.10.3-2021.10.win32_1.0.200.202301161003/tools/bin/../lib/gcc/arm-none-eabi/10.3.1/../../../../arm-none-eabi/lib/thumb/v7e-m+fp/hard\libc_nano.a(lib_a-errno.o)
                              ./Src/syscalls.o (__errno)
d:/abdelmegeed/arm programms/en.st-st_insatallation/stm32cubeide_1.12.0/stm32cubeide/plugins/com.st.stm32cube.ide.mcu.externaltools.gnu-tools-for-stm32.10.3-2021.10.win32_1.0.200.202301161003/tools/bin/../lib/gcc/arm-none-eabi/10.3.1/../../../../arm-none-eabi/lib/thumb/v7e-m+fp/hard\libc_nano.a(lib_a-exit.o)
                              d:/abdelmegeed/arm programms/en.st-st_insatallation/stm32cubeide_1.12.0/stm32cubeide/plugins/com.st.stm32cube.ide.mcu.externaltools.gnu-tools-for-stm32.10.3-2021.10.win32_1.0.200.202301161003/tools/bin/../lib/gcc/arm-none-eabi/10.3.1/../../../../arm-none-eabi/lib/thumb/v7e-m+fp/hard/crt0.o (exit)
d:/abdelmegeed/arm programms/en.st-st_insatallation/stm32cubeide_1.12.0/stm32cubeide/plugins/com.st.stm32cube.ide.mcu.externaltools.gnu-tools-for-stm32.10.3-2021.10.win32_1.0.200.202301161003/tools/bin/../lib/gcc/arm-none-eabi/10.3.1/../../../../arm-none-eabi/lib/thumb/v7e-m+fp/hard\libc_nano.a(lib_a-impure.o)
                              d:/abdelmegeed/arm programms/en.st-st_insatallation/stm32cubeide_1.12.0/stm32cubeide/plugins/com.st.stm32cube.ide.mcu.externaltools.gnu-tools-for-stm32.10.3-2021.10.win32_1.0.200.202301161003/tools/bin/../lib/gcc/arm-none-eabi/10.3.1/../../../../arm-none-eabi/lib/thumb/v7e-m+fp/hard\libc_nano.a(lib_a-exit.o) (_global_impure_ptr)
d:/abdelmegeed/arm programms/en.st-st_insatallation/stm32cubeide_1.12.0/stm32cubeide/plugins/com.st.stm32cube.ide.mcu.externaltools.gnu-tools-for-stm32.10.3-2021.10.win32_1.0.200.202301161003/tools/bin/../lib/gcc/arm-none-eabi/10.3.1/../../../../arm-none-eabi/lib/thumb/v7e-m+fp/hard\libc_nano.a(lib_a-init.o)
                              d:/abdelmegeed/arm programms/en.st-st_insatallation/stm32cubeide_1.12.0/stm32cubeide/plugins/com.st.stm32cube.ide.mcu.externaltools.gnu-tools-for-stm32.10.3-2021.10.win32_1.0.200.202301161003/tools/bin/../lib/gcc/arm-none-eabi/10.3.1/../../../../arm-none-eabi/lib/thumb/v7e-m+fp/hard/crt0.o (__libc_init_array)
d:/abdelmegeed/arm programms/en.st-st_insatallation/stm32cubeide_1.12.0/stm32cubeide/plugins/com.st.stm32cube.ide.mcu.externaltools.gnu-tools-for-stm32.10.3-2021.10.win32_1.0.200.202301161003/tools/bin/../lib/gcc/arm-none-eabi/10.3.1/../../../../arm-none-eabi/lib/thumb/v7e-m+fp/hard\libc_nano.a(lib_a-memset.o)
                              d:/abdelmegeed/arm programms/en.st-st_insatallation/stm32cubeide_1.12.0/stm32cubeide/plugins/com.st.stm32cube.ide.mcu.externaltools.gnu-tools-for-stm32.10.3-2021.10.win32_1.0.200.202301161003/tools/bin/../lib/gcc/arm-none-eabi/10.3.1/../../../../arm-none-eabi/lib/thumb/v7e-m+fp/hard/crt0.o (memset)
d:/abdelmegeed/arm programms/en.st-st_insatallation/stm32cubeide_1.12.0/stm32cubeide/plugins/com.st.stm32cube.ide.mcu.externaltools.gnu-tools-for-stm32.10.3-2021.10.win32_1.0.200.202301161003/tools/bin/../lib/gcc/arm-none-eabi/10.3.1/thumb/v7e-m+fp/hard\libgcc.a(_arm_muldf3.o)
                              ./MCAL/USART/src/UART_prog.o (__aeabi_dmul)
d:/abdelmegeed/arm programms/en.st-st_insatallation/stm32cubeide_1.12.0/stm32cubeide/plugins/com.st.stm32cube.ide.mcu.externaltools.gnu-tools-for-stm32.10.3-2021.10.win32_1.0.200.202301161003/tools/bin/../lib/gcc/arm-none-eabi/10.3.1/thumb/v7e-m+fp/hard\libgcc.a(_arm_addsubdf3.o)
                              ./MCAL/USART/src/UART_prog.o (__aeabi_ui2d)
d:/abdelmegeed/arm programms/en.st-st_insatallation/stm32cubeide_1.12.0/stm32cubeide/plugins/com.st.stm32cube.ide.mcu.externaltools.gnu-tools-for-stm32.10.3-2021.10.win32_1.0.200.202301161003/tools/bin/../lib/gcc/arm-none-eabi/10.3.1/thumb/v7e-m+fp/hard\libgcc.a(_arm_muldivdf3.o)
                              ./MCAL/USART/src/UART_prog.o (__aeabi_ddiv)
d:/abdelmegeed/arm programms/en.st-st_insatallation/stm32cubeide_1.12.0/stm32cubeide/plugins/com.st.stm32cube.ide.mcu.externaltools.gnu-tools-for-stm32.10.3-2021.10.win32_1.0.200.202301161003/tools/bin/../lib/gcc/arm-none-eabi/10.3.1/thumb/v7e-m+fp/hard\libgcc.a(_arm_fixunsdfsi.o)
                              ./MCAL/USART/src/UART_prog.o (__aeabi_d2uiz)

Discarded input sections

 .text          0x0000000000000000        0x0 d:/abdelmegeed/arm programms/en.st-st_insatallation/stm32cubeide_1.12.0/stm32cubeide/plugins/com.st.stm32cube.ide.mcu.externaltools.gnu-tools-for-stm32.10.3-2021.10.win32_1.0.200.202301161003/tools/bin/../lib/gcc/arm-none-eabi/10.3.1/thumb/v7e-m+fp/hard/crti.o
[...]
Memory Configuration

Name             Origin             Length             Attributes
RAM              0x0000000020000000 0x0000000000020000 xrw
FLASH            0x0000000008000000 0x0000000000080000 xr
*default*        0x0000000000000000 0xffffffffffffffff

Linker script and memory map

LOAD d:/abdelmegeed/arm programms/en.st-st_insatallation/stm32cubeide_1.12.0/stm32cubeide/plugins/com.st.stm32cube.ide.mcu.externaltools.gnu-tools-for-stm32.10.3-2021.10.win32_1.0.200.202301161003/tools/bin/../lib/gcc/arm-none-eabi/10.3.1/thumb/v7e-m+fp/hard/crti.o
LOAD d:/abdelmegeed/arm programms/en.st-st_insatallation/stm32cubeide_1.12.0/stm32cubeide/plugins/com.st.stm32cube.ide.mcu.externaltools.gnu-tools-for-stm32.10.3-2021.10.win32_1.0.200.202301161003/tools/bin/../lib/gcc/arm-none-eabi/10.3.1/thumb/v7e-m+fp/hard/crtbegin.o
LOAD d:/abdelmegeed/arm programms/en.st-st_insatallation/stm32cubeide_1.12.0/stm32cubeide/plugins/com.st.stm32cube.ide.mcu.externaltools.gnu-tools-for-stm32.10.3-2021.10.win32_1.0.200.202301161003/tools/bin/../lib/gcc/arm-none-eabi/10.3.1/../../../../arm-none-eabi/lib/thumb/v7e-m+fp/hard/crt0.o
LOAD ./HAL/RTC/src/RTC_DS1307_prog.o
LOAD ./MCAL/DMA/src/DMA_prog.o
LOAD ./MCAL/EXTI/src/EXTI_prog.o
LOAD ./MCAL/GPIO/src/GPIO_prog.o
LOAD ./MCAL/I2C/src/I2C_prog.o
LOAD ./MCAL/NVIC/src/NVIC_prog.o
LOAD ./MCAL/RCC/src/RCC_prog.o
LOAD ./MCAL/SYSCFG/src/SYSCFG_prog.o
LOAD ./MCAL/SYSTICK/src/SysTick_prog.o
LOAD ./MCAL/USART/src/UART_prog.o
LOAD ./Src/main.o
LOAD ./Src/syscalls.o
LOAD ./Src/sysmem.o
LOAD ./Startup/startup_stm32f446retx.o
START GROUP
LOAD d:/abdelmegeed/arm programms/en.st-st_insatallation/stm32cubeide_1.12.0/stm32cubeide/plugins/com.st.stm32cube.ide.mcu.externaltools.gnu-tools-for-stm32.10.3-2021.10.win32_1.0.200.202301161003/tools/bin/../lib/gcc/arm-none-eabi/10.3.1/../../../../arm-none-eabi/lib/thumb/v7e-m+fp/hard\libc_nano.a
LOAD d:/abdelmegeed/arm programms/en.st-st_insatallation/stm32cubeide_1.12.0/stm32cubeide/plugins/com.st.stm32cube.ide.mcu.externaltools.gnu-tools-for-stm32.10.3-2021.10.win32_1.0.200.202301161003/tools/bin/../lib/gcc/arm-none-eabi/10.3.1/../../../../arm-none-eabi/lib/thumb/v7e-m+fp/hard\libm.a
END GROUP
START GROUP
LOAD d:/abdelmegeed/arm programms/en.st-st_insatallation/stm32cubeide_1.12.0/stm32cubeide/plugins/com.st.stm32cube.ide.mcu.externaltools.gnu-tools-for-stm32.10.3-2021.10.win32_1.0.200.202301161003/tools/bin/../lib/gcc/arm-none-eabi/10.3.1/thumb/v7e-m+fp/hard\libgcc.a
LOAD d:/abdelmegeed/arm programms/en.st-st_insatallation/stm32cubeide_1.12.0/stm32cubeide/plugins/com.st.stm32cube.ide.mcu.externaltools.gnu-tools-for-stm32.10.3-2021.10.win32_1.0.200.202301161003/tools/bin/../lib/gcc/arm-none-eabi/10.3.1/../../../../arm-none-eabi/lib/thumb/v7e-m+fp/hard\libc_nano.a
END GROUP
START GROUP
LOAD d:/abdelmegeed/arm programms/en.st-st_insatallation/stm32cubeide_1.12.0/stm32cubeide/plugins/com.st.stm32cube.ide.mcu.externaltools.gnu-tools-for-stm32.10.3-2021.10.win32_1.0.200.202301161003/tools/bin/../lib/gcc/arm-none-eabi/10.3.1/thumb/v7e-m+fp/hard\libgcc.a
LOAD d:/abdelmegeed/arm programms/en.st-st_insatallation/stm32cubeide_1.12.0/stm32cubeide/plugins/com.st.stm32cube.ide.mcu.externaltools.gnu-tools-for-stm32.10.3-2021.10.win32_1.0.200.202301161003/tools/bin/../lib/gcc/arm-none-eabi/10.3.1/../../../../arm-none-eabi/lib/thumb/v7e-m+fp/hard\libc_nano.a
LOAD d:/abdelmegeed/arm programms/en.st-st_insatallation/stm32cubeide_1.12.0/stm32cubeide/plugins/com.st.stm32cube.ide.mcu.externaltools.gnu-tools-for-stm32.10.3-2021.10.win32_1.0.200.202301161003/tools/bin/../lib/gcc/arm-none-eabi/10.3.1/../../../../arm-none-eabi/lib/thumb/v7e-m+fp/hard\libnosys.a
END GROUP
START GROUP
LOAD d:/abdelmegeed/arm programms/en.st-st_insatallation/stm32cubeide_1.12.0/stm32cubeide/plugins/com.st.stm32cube.ide.mcu.externaltools.gnu-tools-for-stm32.10.3-2021.10.win32_1.0.200.202301161003/tools/bin/../lib/gcc/arm-none-eabi/10.3.1/thumb/v7e-m+fp/hard\libgcc.a
LOAD d:/abdelmegeed/arm programms/en.st-st_insatallation/stm32cubeide_1.12.0/stm32cubeide/plugins/com.st.stm32cube.ide.mcu.externaltools.gnu-tools-for-stm32.10.3-2021.10.win32_1.0.200.202301161003/tools/bin/../lib/gcc/arm-none-eabi/10.3.1/../../../../arm-none-eabi/lib/thumb/v7e-m+fp/hard\libc_nano.a
LOAD d:/abdelmegeed/arm programms/en.st-st_insatallation/stm32cubeide_1.12.0/stm32cubeide/plugins/com.st.stm32cube.ide.mcu.externaltools.gnu-tools-for-stm32.10.3-2021.10.win32_1.0.200.202301161003/tools/bin/../lib/gcc/arm-none-eabi/10.3.1/../../../../arm-none-eabi/lib/thumb/v7e-m+fp/hard\libnosys.a
END GROUP
LOAD d:/abdelmegeed/arm programms/en.st-st_insatallation/stm32cubeide_1.12.0/stm32cubeide/plugins/com.st.stm32cube.ide.mcu.externaltools.gnu-tools-for-stm32.10.3-2021.10.win32_1.0.200.202301161003/tools/bin/../lib/gcc/arm-none-eabi/10.3.1/thumb/v7e-m+fp/hard/crtend.o
LOAD d:/abdelmegeed/arm programms/en.st-st_insatallation/stm32cubeide_1.12.0/stm32cubeide/plugins/com.st.stm32cube.ide.mcu.externaltools.gnu-tools-for-stm32.10.3-2021.10.win32_1.0.200.202301161003/tools/bin/../lib/gcc/arm-none-eabi/10.3.1/thumb/v7e-m+fp/hard/crtn.o
                0x0000000020020000                _estack = (ORIGIN (RAM) + LENGTH (RAM))
                0x0000000000000200                _Min_Heap_Size = 0x200
                0x0000000000000400                _Min_Stack_Size = 0x400

.isr_vector     0x0000000008000000      0x1c4
                0x0000000008000000                . = ALIGN (0x4)
 *(.isr_vector)
 .isr_vector    0x0000000008000000      0x1c4 ./Startup/startup_stm32f446retx.o
                0x0000000008000000                g_pfnVectors
                0x00000000080001c4                . = ALIGN (0x4)

.text           0x00000000080001c4     0x26f0
                0x00000000080001c4                . = ALIGN (0x4)
 *(.text)
 .text          0x00000000080001c4       0x40 d:/abdelmegeed/arm programms/en.st-st_insatallation/stm32cubeide_1.12.0/stm32cubeide/plugins/com.st.stm32cube.ide.mcu.externaltools.gnu-tools-for-stm32.10.3-2021.10.win32_1.0.200.202301161003/tools/bin/../lib/gcc/arm-none-eabi/10.3.1/thumb/v7e-m+fp/hard/crtbegin.o
 *(.text*)
 .text.Convert_to_BCD
                0x0000000008000204      0x16c ./HAL/RTC/src/RTC_DS1307_prog.o
                0x0000000008000204                Convert_to_BCD
 .text.RTC_DS1307_Set_Date
                0x0000000008000370       0x2c ./HAL/RTC/src/RTC_DS1307_prog.o
                0x0000000008000370                RTC_DS1307_Set_Date
 .text.DMA_Init
                0x000000000800039c      0x60a ./MCAL/DMA/src/DMA_prog.o
                0x000000000800039c                DMA_Init
 *fill*         0x00000000080009a6        0x2 
 .text.DMA_Set_Callback
                0x00000000080009a8       0x90 ./MCAL/DMA/src/DMA_prog.o
                0x00000000080009a8                DMA_Set_Callback
 .text.DMA_Get_Flags_State
                0x0000000008000a38      0x456 ./MCAL/DMA/src/DMA_prog.o
 *fill*         0x0000000008000e8e        0x2 
 .text.DMA_Clear_IT_Flag
                0x0000000008000e90      0x2c0 ./MCAL/DMA/src/DMA_prog.o
                0x0000000008000e90                DMA_Clear_IT_Flag
 .text.DMA1_Stream0_IRQHandler
                0x0000000008001150       0xac ./MCAL/DMA/src/DMA_prog.o
                0x0000000008001150                DMA1_Stream0_IRQHandler
 .text.DMA1_Stream1_IRQHandler
                0x00000000080011fc       0x84 ./MCAL/DMA/src/DMA_prog.o
                0x00000000080011fc                DMA1_Stream1_IRQHandler
 .text.DMA1_Stream2_IRQHandler
                0x0000000008001280       0x84 ./MCAL/DMA/src/DMA_prog.o
                0x0000000008001280                DMA1_Stream2_IRQHandler
 .text.DMA1_Stream3_IRQHandler
                0x0000000008001304       0x84 ./MCAL/DMA/src/DMA_prog.o
                0x0000000008001304                DMA1_Stream3_IRQHandler
 .text.DMA1_Stream4_IRQHandler
                0x0000000008001388       0x84 ./MCAL/DMA/src/DMA_prog.o
                0x0000000008001388                DMA1_Stream4_IRQHandler
 .text.DMA1_Stream5_IRQHandler
                0x000000000800140c       0xb4 ./MCAL/DMA/src/DMA_prog.o
                0x000000000800140c                DMA1_Stream5_IRQHandler
 .text.DMA1_Stream6_IRQHandler
                0x00000000080014c0       0xc4 ./MCAL/DMA/src/DMA_prog.o
                0x00000000080014c0                DMA1_Stream6_IRQHandler
 .text.DMA1_Stream7_IRQHandler
                0x0000000008001584       0x8c ./MCAL/DMA/src/DMA_prog.o
                0x0000000008001584                DMA1_Stream7_IRQHandler
 .text.DMA2_Stream0_IRQHandler
                0x0000000008001610       0xac ./MCAL/DMA/src/DMA_prog.o
                0x0000000008001610                DMA2_Stream0_IRQHandler
 .text.DMA2_Stream1_IRQHandler
                0x00000000080016bc       0xac ./MCAL/DMA/src/DMA_prog.o
                0x00000000080016bc                DMA2_Stream1_IRQHandler
 .text.DMA2_Stream2_IRQHandler
                0x0000000008001768       0xac ./MCAL/DMA/src/DMA_prog.o
                0x0000000008001768                DMA2_Stream2_IRQHandler
 .text.DMA2_Stream3_IRQHandler
                0x0000000008001814       0x78 ./MCAL/DMA/src/DMA_prog.o
                0x0000000008001814                DMA2_Stream3_IRQHandler
 .text.DMA2_Stream4_IRQHandler
                0x000000000800188c       0x78 ./MCAL/DMA/src/DMA_prog.o
                0x000000000800188c                DMA2_Stream4_IRQHandler
 .text.DMA2_Stream5_IRQHandler
                0x0000000008001904       0x78 ./MCAL/DMA/src/DMA_prog.o
                0x0000000008001904                DMA2_Stream5_IRQHandler
 .text.DMA2_Stream6_IRQHandler
                0x000000000800197c       0x80 ./MCAL/DMA/src/DMA_prog.o
                0x000000000800197c                DMA2_Stream6_IRQHandler
 .text.DMA2_Stream7_IRQHandler
                0x00000000080019fc       0x84 ./MCAL/DMA/src/DMA_prog.o
                0x00000000080019fc                DMA2_Stream7_IRQHandler
 .text.EXTI_ClearPendingFlag
                0x0000000008001a80       0x40 ./MCAL/EXTI/src/EXTI_prog.o
                0x0000000008001a80                EXTI_ClearPendingFlag
 .text.EXTI0_IRQHandler
                0x0000000008001ac0       0x18 ./MCAL/EXTI/src/EXTI_prog.o
                0x0000000008001ac0                EXTI0_IRQHandler
 .text.EXTI1_IRQHandler
                0x0000000008001ad8       0x18 ./MCAL/EXTI/src/EXTI_prog.o
                0x0000000008001ad8                EXTI1_IRQHandler
 .text.EXTI2_IRQHandler
                0x0000000008001af0       0x18 ./MCAL/EXTI/src/EXTI_prog.o
                0x0000000008001af0                EXTI2_IRQHandler
 .text.EXTI3_IRQHandler
                0x0000000008001b08       0x18 ./MCAL/EXTI/src/EXTI_prog.o
                0x0000000008001b08                EXTI3_IRQHandler
 .text.EXTI4_IRQHandler
                0x0000000008001b20       0x18 ./MCAL/EXTI/src/EXTI_prog.o
                0x0000000008001b20                EXTI4_IRQHandler
 .text.EXTI9_5_IRQHandler
                0x0000000008001b38       0x94 ./MCAL/EXTI/src/EXTI_prog.o
                0x0000000008001b38                EXTI9_5_IRQHandler
 .text.EXTI15_10_IRQHandler
                0x0000000008001bcc       0xac ./MCAL/EXTI/src/EXTI_prog.o
                0x0000000008001bcc                EXTI15_10_IRQHandler
 .text.GPIO_u8PIN_init
                0x0000000008001c78      0x1ba ./MCAL/GPIO/src/GPIO_prog.o
                0x0000000008001c78                GPIO_u8PIN_init
 *fill*         0x0000000008001e32        0x2 
 .text.I2C_init
                0x0000000008001e34      0x13c ./MCAL/I2C/src/I2C_prog.o
                0x0000000008001e34                I2C_init
 .text.i2C_Send_Start_Bit
                0x0000000008001f70       0x5a ./MCAL/I2C/src/I2C_prog.o
 .text.i2C_Send_7_Bit_Slave_Address_With_Write
                0x0000000008001fca       0x5a ./MCAL/I2C/src/I2C_prog.o
 .text.i2C_Master_Transmit_DMA
                0x0000000008002024       0xf2 ./MCAL/I2C/src/I2C_prog.o
                0x0000000008002024                i2C_Master_Transmit_DMA
 *fill*         0x0000000008002116        0x2 
 .text.I2C1_EV_IRQHandler
                0x0000000008002118       0xb4 ./MCAL/I2C/src/I2C_prog.o
                0x0000000008002118                I2C1_EV_IRQHandler
 .text.NVIC_EnableIRQ
                0x00000000080021cc       0x44 ./MCAL/NVIC/src/NVIC_prog.o
                0x00000000080021cc                NVIC_EnableIRQ
 .text.RCC_Enable_HSI
                0x0000000008002210       0x70 ./MCAL/RCC/src/RCC_prog.o
                0x0000000008002210                RCC_Enable_HSI
 .text.RCC_Enable_HSE
                0x0000000008002280       0x74 ./MCAL/RCC/src/RCC_prog.o
                0x0000000008002280                RCC_Enable_HSE
 .text.RCC_Enable_PLL
                0x00000000080022f4      0x13c ./MCAL/RCC/src/RCC_prog.o
                0x00000000080022f4                RCC_Enable_PLL
 .text.AHP_Prescaler
                0x0000000008002430       0x4c ./MCAL/RCC/src/RCC_prog.o
                0x0000000008002430                AHP_Prescaler
 .text.APB1_Prescaler
                0x000000000800247c       0x4c ./MCAL/RCC/src/RCC_prog.o
                0x000000000800247c                APB1_Prescaler
 .text.APB2_Prescaler
                0x00000000080024c8       0x4c ./MCAL/RCC/src/RCC_prog.o
                0x00000000080024c8                APB2_Prescaler
 .text.RCC_Enable_Peripheral
                0x0000000008002514       0xe4 ./MCAL/RCC/src/RCC_prog.o
                0x0000000008002514                RCC_Enable_Peripheral
 .text.RCC_Config
                0x00000000080025f8       0x7c ./MCAL/RCC/src/RCC_prog.o
                0x00000000080025f8                RCC_Config
 .text.I2C_GPIO_init
                0x0000000008002674       0x54 ./Src/main.o
                0x0000000008002674                I2C_GPIO_init
 .text.call_func
                0x00000000080026c8       0x18 ./Src/main.o
                0x00000000080026c8                call_func
 .text.main     0x00000000080026e0      0x120 ./Src/main.o
                0x00000000080026e0                main
 .text.Reset_Handler
                0x0000000008002800       0x50 ./Startup/startup_stm32f446retx.o
                0x0000000008002800                Reset_Handler
 .text.Default_Handler
                0x0000000008002850        0x2 ./Startup/startup_stm32f446retx.o
                0x0000000008002850                RTC_Alarm_IRQHandler
                0x0000000008002850                TIM8_CC_IRQHandler
                0x0000000008002850                SPDIF_Rx_IRQHandler
                0x0000000008002850                DebugMon_Handler
                0x0000000008002850                SPI4_IRQHandler
                0x0000000008002850                TIM1_CC_IRQHandler
                0x0000000008002850                QuadSPI_IRQHandler
                0x0000000008002850                HardFault_Handler
                0x0000000008002850                SysTick_Handler
                0x0000000008002850                PVD_IRQHandler
                0x0000000008002850                SDIO_IRQHandler
                0x0000000008002850                TAMP_STAMP_IRQHandler
                0x0000000008002850                PendSV_Handler
                0x0000000008002850                NMI_Handler
                0x0000000008002850                CAN2_RX1_IRQHandler
                0x0000000008002850                TIM8_TRG_COM_TIM14_IRQHandler
                0x0000000008002850                TIM1_UP_TIM10_IRQHandler
                0x0000000008002850                FMPI2C1_error_IRQHandler
                0x0000000008002850                TIM8_UP_TIM13_IRQHandler
                0x0000000008002850                I2C3_ER_IRQHandler
                0x0000000008002850                I2C2_EV_IRQHandler
                0x0000000008002850                CAN1_RX0_IRQHandler
                0x0000000008002850                OTG_HS_WKUP_IRQHandler
                0x0000000008002850                UsageFault_Handler
                0x0000000008002850                CAN2_SCE_IRQHandler
                0x0000000008002850                SPI1_IRQHandler
                0x0000000008002850                TIM6_DAC_IRQHandler
                0x0000000008002850                TIM1_BRK_TIM9_IRQHandler
                0x0000000008002850                DCMI_IRQHandler
                0x0000000008002850                CAN2_RX0_IRQHandler
                0x0000000008002850                FMPI2C1_IRQHandler
                0x0000000008002850                SAI2_IRQHandler
                0x0000000008002850                USART6_IRQHandler
                0x0000000008002850                USART3_IRQHandler
                0x0000000008002850                CAN1_RX1_IRQHandler
                0x0000000008002850                UART5_IRQHandler
                0x0000000008002850                TIM4_IRQHandler
                0x0000000008002850                HDMI_CEC_IRQHandler
                0x0000000008002850                UART4_IRQHandler
                0x0000000008002850                TIM3_IRQHandler
                0x0000000008002850                RCC_IRQHandler
                0x0000000008002850                TIM8_BRK_TIM12_IRQHandler
                0x0000000008002850                Default_Handler
                0x0000000008002850                ADC_IRQHandler
                0x0000000008002850                TIM7_IRQHandler
                0x0000000008002850                CAN2_TX_IRQHandler
                0x0000000008002850                TIM5_IRQHandler
                0x0000000008002850                I2C3_EV_IRQHandler
                0x0000000008002850                RTC_WKUP_IRQHandler
                0x0000000008002850                SPI2_IRQHandler
                0x0000000008002850                OTG_HS_EP1_IN_IRQHandler
                0x0000000008002850                MemManage_Handler
                0x0000000008002850                CAN1_TX_IRQHandler
                0x0000000008002850                SVC_Handler
                0x0000000008002850                OTG_HS_EP1_OUT_IRQHandler
                0x0000000008002850                WWDG_IRQHandler
                0x0000000008002850                TIM2_IRQHandler
                0x0000000008002850                OTG_FS_WKUP_IRQHandler
                0x0000000008002850                TIM1_TRG_COM_TIM11_IRQHandler
                0x0000000008002850                OTG_HS_IRQHandler
                0x0000000008002850                USART2_IRQHandler
                0x0000000008002850                I2C2_ER_IRQHandler
                0x0000000008002850                CAN1_SCE_IRQHandler
                0x0000000008002850                FLASH_IRQHandler
                0x0000000008002850                BusFault_Handler
                0x0000000008002850                USART1_IRQHandler
                0x0000000008002850                OTG_FS_IRQHandler
                0x0000000008002850                SPI3_IRQHandler
                0x0000000008002850                I2C1_ER_IRQHandler
                0x0000000008002850                FMC_IRQHandler
                0x0000000008002850                SAI1_IRQHandler
 *fill*         0x0000000008002852        0x2 
 .text.__libc_init_array
                0x0000000008002854       0x48 d:/abdelmegeed/arm programms/en.st-st_insatallation/stm32cubeide_1.12.0/stm32cubeide/plugins/com.st.stm32cube.ide.mcu.externaltools.gnu-tools-for-stm32.10.3-2021.10.win32_1.0.200.202301161003/tools/bin/../lib/gcc/arm-none-eabi/10.3.1/../../../../arm-none-eabi/lib/thumb/v7e-m+fp/hard\libc_nano.a(lib_a-init.o)
                0x0000000008002854                __libc_init_array
 *(.glue_7)
 .glue_7        0x000000000800289c        0x0 linker stubs
 *(.glue_7t)
 .glue_7t       0x000000000800289c        0x0 linker stubs
 *(.eh_frame)
 .eh_frame      0x000000000800289c        0x0 d:/abdelmegeed/arm programms/en.st-st_insatallation/stm32cubeide_1.12.0/stm32cubeide/plugins/com.st.stm32cube.ide.mcu.externaltools.gnu-tools-for-stm32.10.3-2021.10.win32_1.0.200.202301161003/tools/bin/../lib/gcc/arm-none-eabi/10.3.1/thumb/v7e-m+fp/hard/crtbegin.o
 *(.init)
 .init          0x000000000800289c        0x4 d:/abdelmegeed/arm programms/en.st-st_insatallation/stm32cubeide_1.12.0/stm32cubeide/plugins/com.st.stm32cube.ide.mcu.externaltools.gnu-tools-for-stm32.10.3-2021.10.win32_1.0.200.202301161003/tools/bin/../lib/gcc/arm-none-eabi/10.3.1/thumb/v7e-m+fp/hard/crti.o
                0x000000000800289c                _init
 .init          0x00000000080028a0        0x8 d:/abdelmegeed/arm programms/en.st-st_insatallation/stm32cubeide_1.12.0/stm32cubeide/plugins/com.st.stm32cube.ide.mcu.externaltools.gnu-tools-for-stm32.10.3-2021.10.win32_1.0.200.202301161003/tools/bin/../lib/gcc/arm-none-eabi/10.3.1/thumb/v7e-m+fp/hard/crtn.o
 *(.fini)
 .fini          0x00000000080028a8        0x4 d:/abdelmegeed/arm programms/en.st-st_insatallation/stm32cubeide_1.12.0/stm32cubeide/plugins/com.st.stm32cube.ide.mcu.externaltools.gnu-tools-for-stm32.10.3-2021.10.win32_1.0.200.202301161003/tools/bin/../lib/gcc/arm-none-eabi/10.3.1/thumb/v7e-m+fp/hard/crti.o
                0x00000000080028a8                _fini
 .fini          0x00000000080028ac        0x8 d:/abdelmegeed/arm programms/en.st-st_insatallation/stm32cubeide_1.12.0/stm32cubeide/plugins/com.st.stm32cube.ide.mcu.externaltools.gnu-tools-for-stm32.10.3-2021.10.win32_1.0.200.202301161003/tools/bin/../lib/gcc/arm-none-eabi/10.3.1/thumb/v7e-m+fp/hard/crtn.o
                0x00000000080028b4                . = ALIGN (0x4)
                0x00000000080028b4                _etext = .

.vfp11_veneer   0x00000000080028b4        0x0
 .vfp11_veneer  0x00000000080028b4        0x0 linker stubs

.v4_bx          0x00000000080028b4        0x0
 .v4_bx         0x00000000080028b4        0x0 linker stubs

.iplt           0x00000000080028b4        0x0
 .iplt          0x00000000080028b4        0x0 d:/abdelmegeed/arm programms/en.st-st_insatallation/stm32cubeide_1.12.0/stm32cubeide/plugins/com.st.stm32cube.ide.mcu.externaltools.gnu-tools-for-stm32.10.3-2021.10.win32_1.0.200.202301161003/tools/bin/../lib/gcc/arm-none-eabi/10.3.1/thumb/v7e-m+fp/hard/crtbegin.o

.rodata         0x00000000080028b4       0x6c
                0x00000000080028b4                . = ALIGN (0x4)
 *(.rodata)
 .rodata        0x00000000080028b4       0x6c ./Src/main.o
 *(.rodata*)
                0x0000000008002920                . = ALIGN (0x4)

.rel.dyn        0x0000000008002920        0x0
 .rel.iplt      0x0000000008002920        0x0 d:/abdelmegeed/arm programms/en.st-st_insatallation/stm32cubeide_1.12.0/stm32cubeide/plugins/com.st.stm32cube.ide.mcu.externaltools.gnu-tools-for-stm32.10.3-2021.10.win32_1.0.200.202301161003/tools/bin/../lib/gcc/arm-none-eabi/10.3.1/thumb/v7e-m+fp/hard/crtbegin.o

.ARM.extab      0x0000000008002920        0x0
                0x0000000008002920                . = ALIGN (0x4)
 *(.ARM.extab* .gnu.linkonce.armextab.*)
                0x0000000008002920                . = ALIGN (0x4)

.ARM            0x0000000008002920        0x0
                0x0000000008002920                . = ALIGN (0x4)
                0x0000000008002920                __exidx_start = .
 *(.ARM.exidx*)
                0x0000000008002920                __exidx_end = .
                0x0000000008002920                . = ALIGN (0x4)

.preinit_array  0x0000000008002920        0x0
                0x0000000008002920                . = ALIGN (0x4)
                0x0000000008002920                PROVIDE (__preinit_array_start = .)
 *(.preinit_array*)
                0x0000000008002920                PROVIDE (__preinit_array_end = .)
                0x0000000008002920                . = ALIGN (0x4)

.init_array     0x0000000008002920        0x4
                0x0000000008002920                . = ALIGN (0x4)
                0x0000000008002920                PROVIDE (__init_array_start = .)
 *(SORT_BY_NAME(.init_array.*))
 *(.init_array*)
 .init_array    0x0000000008002920        0x4 d:/abdelmegeed/arm programms/en.st-st_insatallation/stm32cubeide_1.12.0/stm32cubeide/plugins/com.st.stm32cube.ide.mcu.externaltools.gnu-tools-for-stm32.10.3-2021.10.win32_1.0.200.202301161003/tools/bin/../lib/gcc/arm-none-eabi/10.3.1/thumb/v7e-m+fp/hard/crtbegin.o
                0x0000000008002924                PROVIDE (__init_array_end = .)
                0x0000000008002924                . = ALIGN (0x4)

.fini_array     0x0000000008002924        0x4
                0x0000000008002924                . = ALIGN (0x4)
                [!provide]                        PROVIDE (__fini_array_start = .)
 *(SORT_BY_NAME(.fini_array.*))
 *(.fini_array*)
 .fini_array    0x0000000008002924        0x4 d:/abdelmegeed/arm programms/en.st-st_insatallation/stm32cubeide_1.12.0/stm32cubeide/plugins/com.st.stm32cube.ide.mcu.externaltools.gnu-tools-for-stm32.10.3-2021.10.win32_1.0.200.202301161003/tools/bin/../lib/gcc/arm-none-eabi/10.3.1/thumb/v7e-m+fp/hard/crtbegin.o
                [!provide]                        PROVIDE (__fini_array_end = .)
                0x0000000008002928                . = ALIGN (0x4)
                0x0000000008002928                _sidata = LOADADDR (.data)

.data           0x0000000020000000        0xc load address 0x0000000008002928
                0x0000000020000000                . = ALIGN (0x4)
                0x0000000020000000                _sdata = .
 *(.data)
 *(.data*)
 .data.cur_date
                0x0000000020000000        0x8 ./Src/main.o
                0x0000000020000000                cur_date
 .data.i2x      0x0000000020000008        0x4 ./Src/main.o
                0x0000000020000008                i2x
 *(.RamFunc)
 *(.RamFunc*)
                0x000000002000000c                . = ALIGN (0x4)
                0x000000002000000c                _edata = .

.igot.plt       0x000000002000000c        0x0 load address 0x0000000008002934
 .igot.plt      0x000000002000000c        0x0 d:/abdelmegeed/arm programms/en.st-st_insatallation/stm32cubeide_1.12.0/stm32cubeide/plugins/com.st.stm32cube.ide.mcu.externaltools.gnu-tools-for-stm32.10.3-2021.10.win32_1.0.200.202301161003/tools/bin/../lib/gcc/arm-none-eabi/10.3.1/thumb/v7e-m+fp/hard/crtbegin.o
                0x000000002000000c                . = ALIGN (0x4)

.bss            0x000000002000000c      0x1cc load address 0x0000000008002934
                0x000000002000000c                _sbss = .
                0x000000002000000c                __bss_start__ = _sbss
 *(.bss)
 .bss           0x000000002000000c       0x1c d:/abdelmegeed/arm programms/en.st-st_insatallation/stm32cubeide_1.12.0/stm32cubeide/plugins/com.st.stm32cube.ide.mcu.externaltools.gnu-tools-for-stm32.10.3-2021.10.win32_1.0.200.202301161003/tools/bin/../lib/gcc/arm-none-eabi/10.3.1/thumb/v7e-m+fp/hard/crtbegin.o
 *(.bss*)
 .bss.DMA1_Callback
                0x0000000020000028       0xa0 ./MCAL/DMA/src/DMA_prog.o
                0x0000000020000028                DMA1_Callback
 .bss.DMA2_Callback
                0x00000000200000c8       0xa0 ./MCAL/DMA/src/DMA_prog.o
                0x00000000200000c8                DMA2_Callback
 .bss.EXTI_Callback
                0x0000000020000168       0x58 ./MCAL/EXTI/src/EXTI_prog.o
                0x0000000020000168                EXTI_Callback
 .bss.Flag_State
                0x00000000200001c0        0x1 ./MCAL/I2C/src/I2C_prog.o
                0x00000000200001c0                Flag_State
 *fill*         0x00000000200001c1        0x3 
 .bss.src       0x00000000200001c4       0x14 ./Src/main.o
                0x00000000200001c4                src
 *(COMMON)
                0x00000000200001d8                . = ALIGN (0x4)
                0x00000000200001d8                _ebss = .
                0x00000000200001d8                __bss_end__ = _ebss

._user_heap_stack
                0x00000000200001d8      0x600 load address 0x0000000008002934
                0x00000000200001d8                . = ALIGN (0x8)
                [!provide]                        PROVIDE (end = .)
                0x00000000200001d8                PROVIDE (_end = .)
                0x00000000200003d8                . = (. + _Min_Heap_Size)
 *fill*         0x00000000200001d8      0x200 
                0x00000000200007d8                . = (. + _Min_Stack_Size)
 *fill*         0x00000000200003d8      0x400 
                0x00000000200007d8                . = ALIGN (0x8)

/DISCARD/
 libc.a(*)
 libm.a(*)
 libgcc.a(*)

.ARM.attributes
                0x0000000000000000       0x30
 *(.ARM.attributes)
 .ARM.attributes
                0x0000000000000000       0x1e d:/abdelmegeed/arm programms/en.st-st_insatallation/stm32cubeide_1.12.0/stm32cubeide/plugins/com.st.stm32cube.ide.mcu.externaltools.gnu-tools-for-stm32.10.3-2021.10.win32_1.0.200.202301161003/tools/bin/../lib/gcc/arm-none-eabi/10.3.1/thumb/v7e-m+fp/hard/crti.o
 .ARM.attributes
                0x000000000000001e       0x34 d:/abdelmegeed/arm programms/en.st-st_insatallation/stm32cubeide_1.12.0/stm32cubeide/plugins/com.st.stm32cube.ide.mcu.externaltools.gnu-tools-for-stm32.10.3-2021.10.win32_1.0.200.202301161003/tools/bin/../lib/gcc/arm-none-eabi/10.3.1/thumb/v7e-m+fp/hard/crtbegin.o
 .ARM.attributes
                0x0000000000000052       0x34 ./HAL/RTC/src/RTC_DS1307_prog.o
 .ARM.attributes
                0x0000000000000086       0x34 ./MCAL/DMA/src/DMA_prog.o
 .ARM.attributes
                0x00000000000000ba       0x34 ./MCAL/EXTI/src/EXTI_prog.o
 .ARM.attributes
                0x00000000000000ee       0x34 ./MCAL/GPIO/src/GPIO_prog.o
 .ARM.attributes
                0x0000000000000122       0x34 ./MCAL/I2C/src/I2C_prog.o
 .ARM.attributes
                0x0000000000000156       0x34 ./MCAL/NVIC/src/NVIC_prog.o
 .ARM.attributes
                0x000000000000018a       0x34 ./MCAL/RCC/src/RCC_prog.o
 .ARM.attributes
                0x00000000000001be       0x34 ./Src/main.o
 .ARM.attributes
                0x00000000000001f2       0x21 ./Startup/startup_stm32f446retx.o
 .ARM.attributes
                0x0000000000000213       0x34 d:/abdelmegeed/arm programms/en.st-st_insatallation/stm32cubeide_1.12.0/stm32cubeide/plugins/com.st.stm32cube.ide.mcu.externaltools.gnu-tools-for-stm32.10.3-2021.10.win32_1.0.200.202301161003/tools/bin/../lib/gcc/arm-none-eabi/10.3.1/../../../../arm-none-eabi/lib/thumb/v7e-m+fp/hard\libc_nano.a(lib_a-init.o)
 .ARM.attributes
                0x0000000000000247       0x1e d:/abdelmegeed/arm programms/en.st-st_insatallation/stm32cubeide_1.12.0/stm32cubeide/plugins/com.st.stm32cube.ide.mcu.externaltools.gnu-tools-for-stm32.10.3-2021.10.win32_1.0.200.202301161003/tools/bin/../lib/gcc/arm-none-eabi/10.3.1/thumb/v7e-m+fp/hard/crtn.o
OUTPUT(STM32F446_Drivers.elf elf32-littlearm)
LOAD linker stubs
LOAD d:/abdelmegeed/arm programms/en.st-st_insatallation/stm32cubeide_1.12.0/stm32cubeide/plugins/com.st.stm32cube.ide.mcu.externaltools.gnu-tools-for-stm32.10.3-2021.10.win32_1.0.200.202301161003/tools/bin/../lib/gcc/arm-none-eabi/10.3.1/../../../../arm-none-eabi/lib/thumb/v7e-m+fp/hard\libc.a
LOAD d:/abdelmegeed/arm programms/en.st-st_insatallation/stm32cubeide_1.12.0/stm32cubeide/plugins/com.st.stm32cube.ide.mcu.externaltools.gnu-tools-for-stm32.10.3-2021.10.win32_1.0.200.202301161003/tools/bin/../lib/gcc/arm-none-eabi/10.3.1/../../../../arm-none-eabi/lib/thumb/v7e-m+fp/hard\libm.a
LOAD d:/abdelmegeed/arm programms/en.st-st_insatallation/stm32cubeide_1.12.0/stm32cubeide/plugins/com.st.stm32cube.ide.mcu.externaltools.gnu-tools-for-stm32.10.3-2021.10.win32_1.0.200.202301161003/tools/bin/../lib/gcc/arm-none-eabi/10.3.1/thumb/v7e-m+fp/hard\libgcc.a

.debug_info     0x0000000000000000     0x4593
 .debug_info    0x0000000000000000      0x630 ./HAL/RTC/src/RTC_DS1307_prog.o
 .debug_info    0x0000000000000630      0xcf5 ./MCAL/DMA/src/DMA_prog.o
 .debug_info    0x0000000000001325      0x400 ./MCAL/EXTI/src/EXTI_prog.o
 .debug_info    0x0000000000001725      0x55a ./MCAL/GPIO/src/GPIO_prog.o
 .debug_info    0x0000000000001c7f      0xb17 ./MCAL/I2C/src/I2C_prog.o
 .debug_info    0x0000000000002796      0x3c9 ./MCAL/NVIC/src/NVIC_prog.o
 .debug_info    0x0000000000002b5f      0x872 ./MCAL/RCC/src/RCC_prog.o
 .debug_info    0x00000000000033d1     0x11a0 ./Src/main.o
 .debug_info    0x0000000000004571       0x22 ./Startup/startup_stm32f446retx.o

.debug_abbrev   0x0000000000000000      0xb09
 .debug_abbrev  0x0000000000000000      0x115 ./HAL/RTC/src/RTC_DS1307_prog.o
 .debug_abbrev  0x0000000000000115      0x211 ./MCAL/DMA/src/DMA_prog.o
 .debug_abbrev  0x0000000000000326      0x11f ./MCAL/EXTI/src/EXTI_prog.o
 .debug_abbrev  0x0000000000000445      0x10c ./MCAL/GPIO/src/GPIO_prog.o
 .debug_abbrev  0x0000000000000551      0x1c1 ./MCAL/I2C/src/I2C_prog.o
 .debug_abbrev  0x0000000000000712       0xb4 ./MCAL/NVIC/src/NVIC_prog.o
 .debug_abbrev  0x00000000000007c6      0x15e ./MCAL/RCC/src/RCC_prog.o
 .debug_abbrev  0x0000000000000924      0x1d3 ./Src/main.o
 .debug_abbrev  0x0000000000000af7       0x12 ./Startup/startup_stm32f446retx.o

.debug_aranges  0x0000000000000000      0x310
 .debug_aranges
                0x0000000000000000       0x48 ./HAL/RTC/src/RTC_DS1307_prog.o
 .debug_aranges
                0x0000000000000048       0xc0 ./MCAL/DMA/src/DMA_prog.o
 .debug_aranges
                0x0000000000000108       0x78 ./MCAL/EXTI/src/EXTI_prog.o
 .debug_aranges
                0x0000000000000180       0x38 ./MCAL/GPIO/src/GPIO_prog.o
 .debug_aranges
                0x00000000000001b8       0x60 ./MCAL/I2C/src/I2C_prog.o
 .debug_aranges
                0x0000000000000218       0x40 ./MCAL/NVIC/src/NVIC_prog.o
 .debug_aranges
                0x0000000000000258       0x60 ./MCAL/RCC/src/RCC_prog.o
 .debug_aranges
                0x00000000000002b8       0x30 ./Src/main.o
 .debug_aranges
                0x00000000000002e8       0x28 ./Startup/startup_stm32f446retx.o

.debug_ranges   0x0000000000000000      0x288
 .debug_ranges  0x0000000000000000       0x38 ./HAL/RTC/src/RTC_DS1307_prog.o
 .debug_ranges  0x0000000000000038       0xb0 ./MCAL/DMA/src/DMA_prog.o
 .debug_ranges  0x00000000000000e8       0x68 ./MCAL/EXTI/src/EXTI_prog.o
 .debug_ranges  0x0000000000000150       0x28 ./MCAL/GPIO/src/GPIO_prog.o
 .debug_ranges  0x0000000000000178       0x50 ./MCAL/I2C/src/I2C_prog.o
 .debug_ranges  0x00000000000001c8       0x30 ./MCAL/NVIC/src/NVIC_prog.o
 .debug_ranges  0x00000000000001f8       0x50 ./MCAL/RCC/src/RCC_prog.o
 .debug_ranges  0x0000000000000248       0x20 ./Src/main.o
 .debug_ranges  0x0000000000000268       0x20 ./Startup/startup_stm32f446retx.o

.debug_macro    0x0000000000000000     0x1785
 .debug_macro   0x0000000000000000       0x92 ./HAL/RTC/src/RTC_DS1307_prog.o
 .debug_macro   0x0000000000000092      0xa84 ./HAL/RTC/src/RTC_DS1307_prog.o
 .debug_macro   0x0000000000000b16       0x22 ./HAL/RTC/src/RTC_DS1307_prog.o
 .debug_macro   0x0000000000000b38       0x8e ./HAL/RTC/src/RTC_DS1307_prog.o
 .debug_macro   0x0000000000000bc6       0x51 ./HAL/RTC/src/RTC_DS1307_prog.o
 .debug_macro   0x0000000000000c17      0x103 ./HAL/RTC/src/RTC_DS1307_prog.o
 .debug_macro   0x0000000000000d1a       0x6a ./HAL/RTC/src/RTC_DS1307_prog.o
 .debug_macro   0x0000000000000d84      0x1df ./HAL/RTC/src/RTC_DS1307_prog.o
 .debug_macro   0x0000000000000f63       0xc4 ./HAL/RTC/src/RTC_DS1307_prog.o
 .debug_macro   0x0000000000001027       0x7c ./HAL/RTC/src/RTC_DS1307_prog.o
 .debug_macro   0x00000000000010a3       0x40 ./HAL/RTC/src/RTC_DS1307_prog.o
 .debug_macro   0x00000000000010e3       0x88 ./MCAL/DMA/src/DMA_prog.o
 .debug_macro   0x000000000000116b      0x1ba ./MCAL/DMA/src/DMA_prog.o
 .debug_macro   0x0000000000001325       0x64 ./MCAL/DMA/src/DMA_prog.o
 .debug_macro   0x0000000000001389       0x88 ./MCAL/EXTI/src/EXTI_prog.o
 .debug_macro   0x0000000000001411       0x16 ./MCAL/EXTI/src/EXTI_prog.o
 .debug_macro   0x0000000000001427       0x88 ./MCAL/GPIO/src/GPIO_prog.o
 .debug_macro   0x00000000000014af       0x10 ./MCAL/GPIO/src/GPIO_prog.o
 .debug_macro   0x00000000000014bf       0x88 ./MCAL/I2C/src/I2C_prog.o
 .debug_macro   0x0000000000001547       0x83 ./MCAL/NVIC/src/NVIC_prog.o
 .debug_macro   0x00000000000015ca       0x88 ./MCAL/RCC/src/RCC_prog.o
 .debug_macro   0x0000000000001652       0x76 ./MCAL/RCC/src/RCC_prog.o
 .debug_macro   0x00000000000016c8       0xbd ./Src/main.o

.debug_line     0x0000000000000000     0x465e
 .debug_line    0x0000000000000000      0x73e ./HAL/RTC/src/RTC_DS1307_prog.o
 .debug_line    0x000000000000073e     0x1122 ./MCAL/DMA/src/DMA_prog.o
 .debug_line    0x0000000000001860      0x7e8 ./MCAL/EXTI/src/EXTI_prog.o
 .debug_line    0x0000000000002048      0x747 ./MCAL/GPIO/src/GPIO_prog.o
 .debug_line    0x000000000000278f      0x8bf ./MCAL/I2C/src/I2C_prog.o
 .debug_line    0x000000000000304e      0x64c ./MCAL/NVIC/src/NVIC_prog.o
 .debug_line    0x000000000000369a      0x85e ./MCAL/RCC/src/RCC_prog.o
 .debug_line    0x0000000000003ef8      0x6e2 ./Src/main.o
 .debug_line    0x00000000000045da       0x84 ./Startup/startup_stm32f446retx.o

.debug_str      0x0000000000000000     0x746c
 .debug_str     0x0000000000000000     0x45ae ./HAL/RTC/src/RTC_DS1307_prog.o
                                       0x4728 (size before relaxing)
 .debug_str     0x00000000000045ae     0x14a2 ./MCAL/DMA/src/DMA_prog.o
                                       0x53c3 (size before relaxing)
 .debug_str     0x0000000000005a50      0x2d2 ./MCAL/EXTI/src/EXTI_prog.o
                                       0x4bae (size before relaxing)
 .debug_str     0x0000000000005d22      0x2ae ./MCAL/GPIO/src/GPIO_prog.o
                                       0x4b6d (size before relaxing)
 .debug_str     0x0000000000005fd0      0x183 ./MCAL/I2C/src/I2C_prog.o
                                       0x5200 (size before relaxing)
 .debug_str     0x0000000000006153      0x548 ./MCAL/NVIC/src/NVIC_prog.o
                                       0x4df8 (size before relaxing)
 .debug_str     0x000000000000669b      0xbc0 ./MCAL/RCC/src/RCC_prog.o
                                       0x5498 (size before relaxing)
 .debug_str     0x000000000000725b      0x1e0 ./Src/main.o
                                       0x51ef (size before relaxing)
 .debug_str     0x000000000000743b       0x31 ./Startup/startup_stm32f446retx.o
                                         0x5b (size before relaxing)

.comment        0x0000000000000000       0x50
 .comment       0x0000000000000000       0x50 ./HAL/RTC/src/RTC_DS1307_prog.o
                                         0x51 (size before relaxing)
 .comment       0x0000000000000050       0x51 ./MCAL/DMA/src/DMA_prog.o
 .comment       0x0000000000000050       0x51 ./MCAL/EXTI/src/EXTI_prog.o
 .comment       0x0000000000000050       0x51 ./MCAL/GPIO/src/GPIO_prog.o
 .comment       0x0000000000000050       0x51 ./MCAL/I2C/src/I2C_prog.o
 .comment       0x0000000000000050       0x51 ./MCAL/NVIC/src/NVIC_prog.o
 .comment       0x0000000000000050       0x51 ./MCAL/RCC/src/RCC_prog.o
 .comment       0x0000000000000050       0x51 ./Src/main.o

.debug_frame    0x0000000000000000      0xaac
 .debug_frame   0x0000000000000000       0xf0 ./HAL/RTC/src/RTC_DS1307_prog.o
 .debug_frame   0x00000000000000f0      0x318 ./MCAL/DMA/src/DMA_prog.o
 .debug_frame   0x0000000000000408      0x19c ./MCAL/EXTI/src/EXTI_prog.o
 .debug_frame   0x00000000000005a4       0xb0 ./MCAL/GPIO/src/GPIO_prog.o
 .debug_frame   0x0000000000000654      0x168 ./MCAL/I2C/src/I2C_prog.o
 .debug_frame   0x00000000000007bc       0xd8 ./MCAL/NVIC/src/NVIC_prog.o
 .debug_frame   0x0000000000000894      0x174 ./MCAL/RCC/src/RCC_prog.o
 .debug_frame   0x0000000000000a08       0x78 ./Src/main.o
 .debug_frame   0x0000000000000a80       0x2c d:/abdelmegeed/arm programms/en.st-st_insatallation/stm32cubeide_1.12.0/stm32cubeide/plugins/com.st.stm32cube.ide.mcu.externaltools.gnu-tools-for-stm32.10.3-2021.10.win32_1.0.200.202301161003/tools/bin/../lib/gcc/arm-none-eabi/10.3.1/../../../../arm-none-eabi/lib/thumb/v7e-m+fp/hard\libc_nano.a(lib_a-init.o)
