../Src/MCAL/I2C/I2C_Program.c:34:15:I2C_Init	24	static
../Src/MCAL/I2C/I2C_Program.c:87:15:I2C_Send_Start_Condition	24	static
../Src/MCAL/I2C/I2C_Program.c:120:15:I2C_Send_Stop_Condition	24	static
../Src/MCAL/I2C/I2C_Program.c:150:15:I2C_Master_Transmit	32	static
../Src/MCAL/I2C/I2C_Program.c:200:15:I2C_Master_Transmit_DMA	32	static
../Src/MCAL/I2C/I2C_Program.c:259:15:I2C_Master_Receive	24	static
../Src/MCAL/I2C/I2C_Program.c:282:15:I2C_Master_Receive_DMA	32	static
../Src/MCAL/I2C/I2C_Program.c:313:15:I2C_Enable_DMA	24	static
../Src/MCAL/I2C/I2C_Program.c:334:15:I2C_Disable_DMA	24	static
../Src/MCAL/I2C/I2C_Program.c:360:13:I2C_Set_SCL_Frequency	24	static
../Src/MCAL/I2C/I2C_Program.c:378:22:I2C_CheckConfigs	24	static
../Src/MCAL/I2C/I2C_Program.c:449:6:I2C_CLR_ADDR	24	static
../Src/MCAL/I2C/I2C_Program.c:466:6:I2C_SendAddressPacketMTransmitter_DMA	32	static
../Src/MCAL/I2C/I2C_Program.c:497:6:I2C_SendDataPacket_DMA	32	static
../Src/MCAL/I2C/I2C_Program.c:520:6:I2C_SendAddressPacketMReceiver_DMA	32	static
