../Src/MCAL/UART/USART_program.c:80:9:MUSART_u8SetConfiguration	72	static
../Src/MCAL/UART/USART_program.c:174:10:MUSART_u8ReceiveCharSynch	24	static
../Src/MCAL/UART/USART_program.c:202:10:MUSART_u8ReceiveCharNonSynch	24	static
../Src/MCAL/UART/USART_program.c:230:10:MUSART_u8ReceiveArraySynch	24	static
../Src/MCAL/UART/USART_program.c:262:10:MUSART_u8TransmitCharSynch	24	static
../Src/MCAL/UART/USART_program.c:290:11:MUSART_u8TransmitArraySynch	24	static
../Src/MCAL/UART/USART_program.c:307:9:MUSART_u8TransmitSynch	24	static
../Src/MCAL/UART/USART_program.c:338:8:MUSART_voidClearFlags	16	static
../Src/MCAL/UART/USART_program.c:356:10:MUSART_u8SetCallBack	24	static
../Src/MCAL/UART/USART_program.c:373:6:USART1_IRQHandler	8	static
../Src/MCAL/UART/USART_program.c:382:6:USART2_IRQHandler	8	static
../Src/MCAL/UART/USART_program.c:391:6:USART3_IRQHandler	8	static
