../Src/MCAL/EXTI/EXTI_Program.c:15:6:EXTI_voidInit	16	static
../Src/MCAL/EXTI/EXTI_Program.c:34:6:EXTI_voidEnableEXTI	16	static
../Src/MCAL/EXTI/EXTI_Program.c:40:6:EXTI_voidDisableEXTI	16	static
../Src/MCAL/EXTI/EXTI_Program.c:46:6:EXTI_voidClearPendingFlag	16	static
../Src/MCAL/EXTI/EXTI_Program.c:52:6:EXTI_voidReadPendingFlag	16	static
../Src/MCAL/EXTI/EXTI_Program.c:58:6:EXTI_voidSetSoftwareTrigger	16	static
../Src/MCAL/EXTI/EXTI_Program.c:64:6:EXTI_voidSetTriggerSelection	16	static
../Src/MCAL/EXTI/EXTI_Program.c:87:6:EXTI_voidSetCallBack	16	static
../Src/MCAL/EXTI/EXTI_Program.c:97:6:EXTI0_IRQHandler	8	static
../Src/MCAL/EXTI/EXTI_Program.c:108:6:EXTI1_IRQHandler	8	static
../Src/MCAL/EXTI/EXTI_Program.c:119:6:EXTI2_IRQHandler	8	static
../Src/MCAL/EXTI/EXTI_Program.c:130:6:EXTI3_IRQHandler	8	static
../Src/MCAL/EXTI/EXTI_Program.c:141:6:EXTI4_IRQHandler	8	static
../Src/MCAL/EXTI/EXTI_Program.c:152:6:EXTI9_5_IRQHandler	16	static
../Src/MCAL/EXTI/EXTI_Program.c:233:6:EXTI15_10_IRQHandler	16	static
../Src/MCAL/EXTI/EXTI_Program.c:328:6:PVD_IRQHandler	8	static
../Src/MCAL/EXTI/EXTI_Program.c:340:6:RTC_Alarm_IRQHandler	8	static
../Src/MCAL/EXTI/EXTI_Program.c:352:6:OTG_FS_WKUP_IRQHandler	8	static
../Src/MCAL/EXTI/EXTI_Program.c:364:6:OTG_HS_WKUP_IRQHandler	8	static
../Src/MCAL/EXTI/EXTI_Program.c:376:6:TAMP_STAMP_IRQHandler	8	static
../Src/MCAL/EXTI/EXTI_Program.c:388:6:RTC_WKUP_IRQHandler	8	static
