../Src/HAL/RTC/DS1307_RTC.c:86:9:ds1307_RTC_init	16	static
../Src/HAL/RTC/DS1307_RTC.c:110:6:ds1307_RTC_set_DateANDTime	24	static
../Src/HAL/RTC/DS1307_RTC.c:141:6:ds1307_RTC_get_DateANDTime	24	static
../Src/HAL/RTC/DS1307_RTC.c:173:13:ds1307_i2c_pin_config	8	static
../Src/HAL/RTC/DS1307_RTC.c:181:13:ds1307_i2c_config	8	static
../Src/HAL/RTC/DS1307_RTC.c:186:13:ds1307_dma_config	8	static
../Src/HAL/RTC/DS1307_RTC.c:197:13:ds1307_write	32	static
../Src/HAL/RTC/DS1307_RTC.c:207:16:ds1307_read	24	static
../Src/HAL/RTC/DS1307_RTC.c:227:16:binary_to_bcd	24	static
../Src/HAL/RTC/DS1307_RTC.c:237:16:bcd_to_binary	24	static
