Archive member included to satisfy reference by file (symbol)

C:/ST/STM32CubeIDE_1.13.0/STM32CubeIDE/plugins/com.st.stm32cube.ide.mcu.externaltools.gnu-tools-for-stm32.11.3.rel1.win32_1.1.0.202305231506/tools/bin/../lib/gcc/arm-none-eabi/11.3.1/../../../../arm-none-eabi/lib/thumb/v7e-m+fp/hard\libc_nano.a(libc_a-exit.o)
                              C:/ST/STM32CubeIDE_1.13.0/STM32CubeIDE/plugins/com.st.stm32cube.ide.mcu.externaltools.gnu-tools-for-stm32.11.3.rel1.win32_1.1.0.202305231506/tools/bin/../lib/gcc/arm-none-eabi/11.3.1/../../../../arm-none-eabi/lib/thumb/v7e-m+fp/hard/crt0.o (exit)
C:/ST/STM32CubeIDE_1.13.0/STM32CubeIDE/plugins/com.st.stm32cube.ide.mcu.externaltools.gnu-tools-for-stm32.11.3.rel1.win32_1.1.0.202305231506/tools/bin/../lib/gcc/arm-none-eabi/11.3.1/../../../../arm-none-eabi/lib/thumb/v7e-m+fp/hard\libc_nano.a(libc_a-findfp.o)
                              C:/ST/STM32CubeIDE_1.13.0/STM32CubeIDE/plugins/com.st.stm32cube.ide.mcu.externaltools.gnu-tools-for-stm32.11.3.rel1.win32_1.1.0.202305231506/tools/bin/../lib/gcc/arm-none-eabi/11.3.1/../../../../arm-none-eabi/lib/thumb/v7e-m+fp/hard\libc_nano.a(libc_a-exit.o) (__stdio_exit_handler)
C:/ST/STM32CubeIDE_1.13.0/STM32CubeIDE/plugins/com.st.stm32cube.ide.mcu.externaltools.gnu-tools-for-stm32.11.3.rel1.win32_1.1.0.202305231506/tools/bin/../lib/gcc/arm-none-eabi/11.3.1/../../../../arm-none-eabi/lib/thumb/v7e-m+fp/hard\libc_nano.a(libc_a-fwalk.o)
                              C:/ST/STM32CubeIDE_1.13.0/STM32CubeIDE/plugins/com.st.stm32cube.ide.mcu.externaltools.gnu-tools-for-stm32.11.3.rel1.win32_1.1.0.202305231506/tools/bin/../lib/gcc/arm-none-eabi/11.3.1/../../../../arm-none-eabi/lib/thumb/v7e-m+fp/hard\libc_nano.a(libc_a-findfp.o) (_fwalk_sglue)
C:/ST/STM32CubeIDE_1.13.0/STM32CubeIDE/plugins/com.st.stm32cube.ide.mcu.externaltools.gnu-tools-for-stm32.11.3.rel1.win32_1.1.0.202305231506/tools/bin/../lib/gcc/arm-none-eabi/11.3.1/../../../../arm-none-eabi/lib/thumb/v7e-m+fp/hard\libc_nano.a(libc_a-stdio.o)
                              C:/ST/STM32CubeIDE_1.13.0/STM32CubeIDE/plugins/com.st.stm32cube.ide.mcu.externaltools.gnu-tools-for-stm32.11.3.rel1.win32_1.1.0.202305231506/tools/bin/../lib/gcc/arm-none-eabi/11.3.1/../../../../arm-none-eabi/lib/thumb/v7e-m+fp/hard\libc_nano.a(libc_a-findfp.o) (__sread)
C:/ST/STM32CubeIDE_1.13.0/STM32CubeIDE/plugins/com.st.stm32cube.ide.mcu.externaltools.gnu-tools-for-stm32.11.3.rel1.win32_1.1.0.202305231506/tools/bin/../lib/gcc/arm-none-eabi/11.3.1/../../../../arm-none-eabi/lib/thumb/v7e-m+fp/hard\libc_nano.a(libc_a-memset.o)
                              C:/ST/STM32CubeIDE_1.13.0/STM32CubeIDE/plugins/com.st.stm32cube.ide.mcu.externaltools.gnu-tools-for-stm32.11.3.rel1.win32_1.1.0.202305231506/tools/bin/../lib/gcc/arm-none-eabi/11.3.1/../../../../arm-none-eabi/lib/thumb/v7e-m+fp/hard/crt0.o (memset)
C:/ST/STM32CubeIDE_1.13.0/STM32CubeIDE/plugins/com.st.stm32cube.ide.mcu.externaltools.gnu-tools-for-stm32.11.3.rel1.win32_1.1.0.202305231506/tools/bin/../lib/gcc/arm-none-eabi/11.3.1/../../../../arm-none-eabi/lib/thumb/v7e-m+fp/hard\libc_nano.a(libc_a-closer.o)
                              C:/ST/STM32CubeIDE_1.13.0/STM32CubeIDE/plugins/com.st.stm32cube.ide.mcu.externaltools.gnu-tools-for-stm32.11.3.rel1.win32_1.1.0.202305231506/tools/bin/../lib/gcc/arm-none-eabi/11.3.1/../../../../arm-none-eabi/lib/thumb/v7e-m+fp/hard\libc_nano.a(libc_a-stdio.o) (_close_r)
C:/ST/STM32CubeIDE_1.13.0/STM32CubeIDE/plugins/com.st.stm32cube.ide.mcu.externaltools.gnu-tools-for-stm32.11.3.rel1.win32_1.1.0.202305231506/tools/bin/../lib/gcc/arm-none-eabi/11.3.1/../../../../arm-none-eabi/lib/thumb/v7e-m+fp/hard\libc_nano.a(libc_a-reent.o)
                              C:/ST/STM32CubeIDE_1.13.0/STM32CubeIDE/plugins/com.st.stm32cube.ide.mcu.externaltools.gnu-tools-for-stm32.11.3.rel1.win32_1.1.0.202305231506/tools/bin/../lib/gcc/arm-none-eabi/11.3.1/../../../../arm-none-eabi/lib/thumb/v7e-m+fp/hard\libc_nano.a(libc_a-closer.o) (errno)
C:/ST/STM32CubeIDE_1.13.0/STM32CubeIDE/plugins/com.st.stm32cube.ide.mcu.externaltools.gnu-tools-for-stm32.11.3.rel1.win32_1.1.0.202305231506/tools/bin/../lib/gcc/arm-none-eabi/11.3.1/../../../../arm-none-eabi/lib/thumb/v7e-m+fp/hard\libc_nano.a(libc_a-impure.o)
                              C:/ST/STM32CubeIDE_1.13.0/STM32CubeIDE/plugins/com.st.stm32cube.ide.mcu.externaltools.gnu-tools-for-stm32.11.3.rel1.win32_1.1.0.202305231506/tools/bin/../lib/gcc/arm-none-eabi/11.3.1/../../../../arm-none-eabi/lib/thumb/v7e-m+fp/hard\libc_nano.a(libc_a-reent.o) (_impure_ptr)
C:/ST/STM32CubeIDE_1.13.0/STM32CubeIDE/plugins/com.st.stm32cube.ide.mcu.externaltools.gnu-tools-for-stm32.11.3.rel1.win32_1.1.0.202305231506/tools/bin/../lib/gcc/arm-none-eabi/11.3.1/../../../../arm-none-eabi/lib/thumb/v7e-m+fp/hard\libc_nano.a(libc_a-lseekr.o)
[...]
Memory Configuration

Name             Origin             Length             Attributes
RAM              0x0000000020000000 0x0000000000020000 xrw
FLASH            0x0000000008000000 0x0000000000080000 xr
*default*        0x0000000000000000 0xffffffffffffffff

Linker script and memory map

LOAD C:/ST/STM32CubeIDE_1.13.0/STM32CubeIDE/plugins/com.st.stm32cube.ide.mcu.externaltools.gnu-tools-for-stm32.11.3.rel1.win32_1.1.0.202305231506/tools/bin/../lib/gcc/arm-none-eabi/11.3.1/thumb/v7e-m+fp/hard/crti.o
LOAD C:/ST/STM32CubeIDE_1.13.0/STM32CubeIDE/plugins/com.st.stm32cube.ide.mcu.externaltools.gnu-tools-for-stm32.11.3.rel1.win32_1.1.0.202305231506/tools/bin/../lib/gcc/arm-none-eabi/11.3.1/thumb/v7e-m+fp/hard/crtbegin.o
LOAD C:/ST/STM32CubeIDE_1.13.0/STM32CubeIDE/plugins/com.st.stm32cube.ide.mcu.externaltools.gnu-tools-for-stm32.11.3.rel1.win32_1.1.0.202305231506/tools/bin/../lib/gcc/arm-none-eabi/11.3.1/../../../../arm-none-eabi/lib/thumb/v7e-m+fp/hard/crt0.o
LOAD ./Src/HAL/RTC/DS1307_RTC.o
LOAD ./Src/MCAL/DMA/DMA1_program.o
LOAD ./Src/MCAL/EXTI/EXTI_Program.o
LOAD ./Src/MCAL/GPIO/GPIO_program.o
LOAD ./Src/MCAL/I2C/I2C_Program.o
LOAD ./Src/MCAL/NVIC/NVIC_program.o
LOAD ./Src/MCAL/RCC/RCC_program.o
LOAD ./Src/MCAL/SPI/SPI_program.o
LOAD ./Src/MCAL/STK/SysTick_program.o
LOAD ./Src/MCAL/SYSCFG/SYSCFG_Program.o
LOAD ./Src/MCAL/UART/USART_program.o
LOAD ./Src/main.o
LOAD ./Src/syscalls.o
LOAD ./Src/sysmem.o
LOAD ./Startup/startup_stm32f446retx.o
START GROUP
LOAD C:/ST/STM32CubeIDE_1.13.0/STM32CubeIDE/plugins/com.st.stm32cube.ide.mcu.externaltools.gnu-tools-for-stm32.11.3.rel1.win32_1.1.0.202305231506/tools/bin/../lib/gcc/arm-none-eabi/11.3.1/../../../../arm-none-eabi/lib/thumb/v7e-m+fp/hard\libc_nano.a
LOAD C:/ST/STM32CubeIDE_1.13.0/STM32CubeIDE/plugins/com.st.stm32cube.ide.mcu.externaltools.gnu-tools-for-stm32.11.3.rel1.win32_1.1.0.202305231506/tools/bin/../lib/gcc/arm-none-eabi/11.3.1/../../../../arm-none-eabi/lib/thumb/v7e-m+fp/hard\libm.a
END GROUP
START GROUP
LOAD C:/ST/STM32CubeIDE_1.13.0/STM32CubeIDE/plugins/com.st.stm32cube.ide.mcu.externaltools.gnu-tools-for-stm32.11.3.rel1.win32_1.1.0.202305231506/tools/bin/../lib/gcc/arm-none-eabi/11.3.1/thumb/v7e-m+fp/hard\libgcc.a
LOAD C:/ST/STM32CubeIDE_1.13.0/STM32CubeIDE/plugins/com.st.stm32cube.ide.mcu.externaltools.gnu-tools-for-stm32.11.3.rel1.win32_1.1.0.202305231506/tools/bin/../lib/gcc/arm-none-eabi/11.3.1/../../../../arm-none-eabi/lib/thumb/v7e-m+fp/hard\libc_nano.a
END GROUP
START GROUP
LOAD C:/ST/STM32CubeIDE_1.13.0/STM32CubeIDE/plugins/com.st.stm32cube.ide.mcu.externaltools.gnu-tools-for-stm32.11.3.rel1.win32_1.1.0.202305231506/tools/bin/../lib/gcc/arm-none-eabi/11.3.1/thumb/v7e-m+fp/hard\libgcc.a
LOAD C:/ST/STM32CubeIDE_1.13.0/STM32CubeIDE/plugins/com.st.stm32cube.ide.mcu.externaltools.gnu-tools-for-stm32.11.3.rel1.win32_1.1.0.202305231506/tools/bin/../lib/gcc/arm-none-eabi/11.3.1/../../../../arm-none-eabi/lib/thumb/v7e-m+fp/hard\libc_nano.a
LOAD C:/ST/STM32CubeIDE_1.13.0/STM32CubeIDE/plugins/com.st.stm32cube.ide.mcu.externaltools.gnu-tools-for-stm32.11.3.rel1.win32_1.1.0.202305231506/tools/bin/../lib/gcc/arm-none-eabi/11.3.1/../../../../arm-none-eabi/lib/thumb/v7e-m+fp/hard\libnosys.a
END GROUP
START GROUP
LOAD C:/ST/STM32CubeIDE_1.13.0/STM32CubeIDE/plugins/com.st.stm32cube.ide.mcu.externaltools.gnu-tools-for-stm32.11.3.rel1.win32_1.1.0.202305231506/tools/bin/../lib/gcc/arm-none-eabi/11.3.1/thumb/v7e-m+fp/hard\libgcc.a
LOAD C:/ST/STM32CubeIDE_1.13.0/STM32CubeIDE/plugins/com.st.stm32cube.ide.mcu.externaltools.gnu-tools-for-stm32.11.3.rel1.win32_1.1.0.202305231506/tools/bin/../lib/gcc/arm-none-eabi/11.3.1/../../../../arm-none-eabi/lib/thumb/v7e-m+fp/hard\libc_nano.a
LOAD C:/ST/STM32CubeIDE_1.13.0/STM32CubeIDE/plugins/com.st.stm32cube.ide.mcu.externaltools.gnu-tools-for-stm32.11.3.rel1.win32_1.1.0.202305231506/tools/bin/../lib/gcc/arm-none-eabi/11.3.1/../../../../arm-none-eabi/lib/thumb/v7e-m+fp/hard\libnosys.a
END GROUP
LOAD C:/ST/STM32CubeIDE_1.13.0/STM32CubeIDE/plugins/com.st.stm32cube.ide.mcu.externaltools.gnu-tools-for-stm32.11.3.rel1.win32_1.1.0.202305231506/tools/bin/../lib/gcc/arm-none-eabi/11.3.1/thumb/v7e-m+fp/hard/crtend.o
LOAD C:/ST/STM32CubeIDE_1.13.0/STM32CubeIDE/plugins/com.st.stm32cube.ide.mcu.externaltools.gnu-tools-for-stm32.11.3.rel1.win32_1.1.0.202305231506/tools/bin/../lib/gcc/arm-none-eabi/11.3.1/thumb/v7e-m+fp/hard/crtn.o
                0x0000000020020000                _estack = (ORIGIN (RAM) + LENGTH (RAM))
                0x0000000000000200                _Min_Heap_Size = 0x200
                0x0000000000000400                _Min_Stack_Size = 0x400

.isr_vector     0x0000000008000000      0x1c4
                0x0000000008000000                . = ALIGN (0x4)
 *(.isr_vector)
 .isr_vector    0x0000000008000000      0x1c4 ./Startup/startup_stm32f446retx.o
                0x0000000008000000                g_pfnVectors
                0x00000000080001c4                . = ALIGN (0x4)

.text           0x00000000080001c4     0x1964
                0x00000000080001c4                . = ALIGN (0x4)
 *(.text)
 .text          0x00000000080001c4       0x40 C:/ST/STM32CubeIDE_1.13.0/STM32CubeIDE/plugins/com.st.stm32cube.ide.mcu.externaltools.gnu-tools-for-stm32.11.3.rel1.win32_1.1.0.202305231506/tools/bin/../lib/gcc/arm-none-eabi/11.3.1/thumb/v7e-m+fp/hard/crtbegin.o
 *(.text*)
 .text.ds1307_RTC_init
                0x0000000008000204       0x34 ./Src/HAL/RTC/DS1307_RTC.o
                0x0000000008000204                ds1307_RTC_init
 .text.ds1307_i2c_pin_config
                0x0000000008000238       0x1c ./Src/HAL/RTC/DS1307_RTC.o
 .text.ds1307_i2c_config
                0x0000000008000254       0x14 ./Src/HAL/RTC/DS1307_RTC.o
 .text.ds1307_dma_config
                0x0000000008000268       0x1c ./Src/HAL/RTC/DS1307_RTC.o
 .text.ds1307_write
                0x0000000008000284       0x3c ./Src/HAL/RTC/DS1307_RTC.o
 .text.ds1307_read
                0x00000000080002c0       0x50 ./Src/HAL/RTC/DS1307_RTC.o
 .text.DMA1_init
                0x0000000008000310      0x44c ./Src/MCAL/DMA/DMA1_program.o
                0x0000000008000310                DMA1_init
 .text.DMA1_send_Data
                0x000000000800075c       0xac ./Src/MCAL/DMA/DMA1_program.o
                0x000000000800075c                DMA1_send_Data
 .text.DMA1_Stream0_IRQHandler
                0x0000000008000808       0x1c ./Src/MCAL/DMA/DMA1_program.o
                0x0000000008000808                DMA1_Stream0_IRQHandler
 .text.DMA1_Stream1_IRQHandler
                0x0000000008000824       0x20 ./Src/MCAL/DMA/DMA1_program.o
                0x0000000008000824                DMA1_Stream1_IRQHandler
 .text.DMA1_Stream2_IRQHandler
                0x0000000008000844       0x20 ./Src/MCAL/DMA/DMA1_program.o
                0x0000000008000844                DMA1_Stream2_IRQHandler
 .text.DMA1_Stream3_IRQHandler
                0x0000000008000864       0x20 ./Src/MCAL/DMA/DMA1_program.o
                0x0000000008000864                DMA1_Stream3_IRQHandler
 .text.DMA1_Stream4_IRQHandler
                0x0000000008000884       0x1c ./Src/MCAL/DMA/DMA1_program.o
                0x0000000008000884                DMA1_Stream4_IRQHandler
 .text.DMA1_Stream5_IRQHandler
                0x00000000080008a0       0x20 ./Src/MCAL/DMA/DMA1_program.o
                0x00000000080008a0                DMA1_Stream5_IRQHandler
 .text.DMA1_Stream6_IRQHandler
                0x00000000080008c0       0x20 ./Src/MCAL/DMA/DMA1_program.o
                0x00000000080008c0                DMA1_Stream6_IRQHandler
 .text.DMA1_Stream7_IRQHandler
                0x00000000080008e0       0x20 ./Src/MCAL/DMA/DMA1_program.o
                0x00000000080008e0                DMA1_Stream7_IRQHandler
 .text.EXTI_voidClearPendingFlag
                0x0000000008000900       0x30 ./Src/MCAL/EXTI/EXTI_Program.o
                0x0000000008000900                EXTI_voidClearPendingFlag
 .text.EXTI_voidReadPendingFlag
                0x0000000008000930       0x34 ./Src/MCAL/EXTI/EXTI_Program.o
                0x0000000008000930                EXTI_voidReadPendingFlag
 .text.EXTI0_IRQHandler
                0x0000000008000964       0x20 ./Src/MCAL/EXTI/EXTI_Program.o
                0x0000000008000964                EXTI0_IRQHandler
 .text.EXTI1_IRQHandler
                0x0000000008000984       0x20 ./Src/MCAL/EXTI/EXTI_Program.o
                0x0000000008000984                EXTI1_IRQHandler
 .text.EXTI2_IRQHandler
                0x00000000080009a4       0x20 ./Src/MCAL/EXTI/EXTI_Program.o
                0x00000000080009a4                EXTI2_IRQHandler
 .text.EXTI3_IRQHandler
                0x00000000080009c4       0x20 ./Src/MCAL/EXTI/EXTI_Program.o
                0x00000000080009c4                EXTI3_IRQHandler
 .text.EXTI4_IRQHandler
                0x00000000080009e4       0x20 ./Src/MCAL/EXTI/EXTI_Program.o
                0x00000000080009e4                EXTI4_IRQHandler
 .text.EXTI9_5_IRQHandler
                0x0000000008000a04       0xcc ./Src/MCAL/EXTI/EXTI_Program.o
                0x0000000008000a04                EXTI9_5_IRQHandler
 .text.EXTI15_10_IRQHandler
                0x0000000008000ad0       0xf0 ./Src/MCAL/EXTI/EXTI_Program.o
                0x0000000008000ad0                EXTI15_10_IRQHandler
 .text.PVD_IRQHandler
                0x0000000008000bc0       0x20 ./Src/MCAL/EXTI/EXTI_Program.o
                0x0000000008000bc0                PVD_IRQHandler
 .text.RTC_Alarm_IRQHandler
                0x0000000008000be0       0x20 ./Src/MCAL/EXTI/EXTI_Program.o
                0x0000000008000be0                RTC_Alarm_IRQHandler
 .text.OTG_FS_WKUP_IRQHandler
                0x0000000008000c00       0x20 ./Src/MCAL/EXTI/EXTI_Program.o
                0x0000000008000c00                OTG_FS_WKUP_IRQHandler
 .text.OTG_HS_WKUP_IRQHandler
                0x0000000008000c20       0x20 ./Src/MCAL/EXTI/EXTI_Program.o
                0x0000000008000c20                OTG_HS_WKUP_IRQHandler
 .text.TAMP_STAMP_IRQHandler
                0x0000000008000c40       0x20 ./Src/MCAL/EXTI/EXTI_Program.o
                0x0000000008000c40                TAMP_STAMP_IRQHandler
 .text.RTC_WKUP_IRQHandler
                0x0000000008000c60       0x20 ./Src/MCAL/EXTI/EXTI_Program.o
                0x0000000008000c60                RTC_WKUP_IRQHandler
 .text.GPIO_u8PinInit
                0x0000000008000c80      0x25c ./Src/MCAL/GPIO/GPIO_program.o
                0x0000000008000c80                GPIO_u8PinInit
 .text.I2C_Init
                0x0000000008000edc      0x1dc ./Src/MCAL/I2C/I2C_Program.o
                0x0000000008000edc                I2C_Init
 .text.I2C_Send_Start_Condition
                0x00000000080010b8       0x58 ./Src/MCAL/I2C/I2C_Program.o
                0x00000000080010b8                I2C_Send_Start_Condition
 .text.I2C_Send_Stop_Condition
                0x0000000008001110       0x44 ./Src/MCAL/I2C/I2C_Program.o
                0x0000000008001110                I2C_Send_Stop_Condition
 .text.I2C_Master_Transmit_DMA
                0x0000000008001154      0x11c ./Src/MCAL/I2C/I2C_Program.o
                0x0000000008001154                I2C_Master_Transmit_DMA
 .text.I2C_Master_Receive_DMA
                0x0000000008001270       0x60 ./Src/MCAL/I2C/I2C_Program.o
                0x0000000008001270                I2C_Master_Receive_DMA
 .text.I2C_Enable_DMA
                0x00000000080012d0       0x44 ./Src/MCAL/I2C/I2C_Program.o
                0x00000000080012d0                I2C_Enable_DMA
 .text.I2C_Set_SCL_Frequency
                0x0000000008001314       0x64 ./Src/MCAL/I2C/I2C_Program.o
 .text.I2C_CheckConfigs
                0x0000000008001378       0xe6 ./Src/MCAL/I2C/I2C_Program.o
 *fill*         0x000000000800145e        0x2 
 .text.I2C_CLR_ADDR
                0x0000000008001460       0x38 ./Src/MCAL/I2C/I2C_Program.o
                0x0000000008001460                I2C_CLR_ADDR
 .text.I2C_SendAddressPacketMTransmitter_DMA
                0x0000000008001498       0xa0 ./Src/MCAL/I2C/I2C_Program.o
                0x0000000008001498                I2C_SendAddressPacketMTransmitter_DMA
 .text.I2C_SendDataPacket_DMA
                0x0000000008001538       0x6c ./Src/MCAL/I2C/I2C_Program.o
                0x0000000008001538                I2C_SendDataPacket_DMA
 .text.I2C_SendAddressPacketMReceiver_DMA
                0x00000000080015a4       0x6c ./Src/MCAL/I2C/I2C_Program.o
                0x00000000080015a4                I2C_SendAddressPacketMReceiver_DMA
 .text.RCC_AHB1EnableCLK
                0x0000000008001610       0x30 ./Src/MCAL/RCC/RCC_program.o
                0x0000000008001610                RCC_AHB1EnableCLK
 .text.RCC_APB1EnableCLK
                0x0000000008001640       0x30 ./Src/MCAL/RCC/RCC_program.o
                0x0000000008001640                RCC_APB1EnableCLK
 .text.SPI1_IRQHandler
                0x0000000008001670       0xbc ./Src/MCAL/SPI/SPI_program.o
                0x0000000008001670                SPI1_IRQHandler
 .text.SPI2_IRQHandler
                0x000000000800172c       0xbc ./Src/MCAL/SPI/SPI_program.o
                0x000000000800172c                SPI2_IRQHandler
 .text.SPI3_IRQHandler
                0x00000000080017e8       0xbc ./Src/MCAL/SPI/SPI_program.o
                0x00000000080017e8                SPI3_IRQHandler
 .text.SPI4_IRQHandler
                0x00000000080018a4       0xbc ./Src/MCAL/SPI/SPI_program.o
                0x00000000080018a4                SPI4_IRQHandler
 .text.MSTK_voidStopTimer
                0x0000000008001960       0x2c ./Src/MCAL/STK/SysTick_program.o
                0x0000000008001960                MSTK_voidStopTimer
 .text.SysTick_Handler
                0x000000000800198c       0x3c ./Src/MCAL/STK/SysTick_program.o
                0x000000000800198c                SysTick_Handler
 .text.MUSART_voidClearFlags
                0x00000000080019c8       0x28 ./Src/MCAL/UART/USART_program.o
                0x00000000080019c8                MUSART_voidClearFlags
 .text.USART1_IRQHandler
                0x00000000080019f0       0x20 ./Src/MCAL/UART/USART_program.o
                0x00000000080019f0                USART1_IRQHandler
 .text.USART2_IRQHandler
                0x0000000008001a10       0x20 ./Src/MCAL/UART/USART_program.o
                0x0000000008001a10                USART2_IRQHandler
 .text.USART3_IRQHandler
                0x0000000008001a30       0x20 ./Src/MCAL/UART/USART_program.o
                0x0000000008001a30                USART3_IRQHandler
 .text.main     0x0000000008001a50       0x22 ./Src/main.o
                0x0000000008001a50                main
 *fill*         0x0000000008001a72        0x2 
 .text.Reset_Handler
                0x0000000008001a74       0x50 ./Startup/startup_stm32f446retx.o
                0x0000000008001a74                Reset_Handler
 .text.Default_Handler
                0x0000000008001ac4        0x2 ./Startup/startup_stm32f446retx.o
                0x0000000008001ac4                TIM8_CC_IRQHandler
                0x0000000008001ac4                SPDIF_Rx_IRQHandler
                0x0000000008001ac4                DebugMon_Handler
                0x0000000008001ac4                TIM1_CC_IRQHandler
                0x0000000008001ac4                QuadSPI_IRQHandler
                0x0000000008001ac4                DMA2_Stream5_IRQHandler
                0x0000000008001ac4                HardFault_Handler
                0x0000000008001ac4                SDIO_IRQHandler
                0x0000000008001ac4                PendSV_Handler
                0x0000000008001ac4                NMI_Handler
                0x0000000008001ac4                CAN2_RX1_IRQHandler
                0x0000000008001ac4                TIM8_TRG_COM_TIM14_IRQHandler
                0x0000000008001ac4                TIM1_UP_TIM10_IRQHandler
                0x0000000008001ac4                FMPI2C1_error_IRQHandler
                0x0000000008001ac4                TIM8_UP_TIM13_IRQHandler
                0x0000000008001ac4                I2C3_ER_IRQHandler
                0x0000000008001ac4                I2C2_EV_IRQHandler
                0x0000000008001ac4                CAN1_RX0_IRQHandler
                0x0000000008001ac4                UsageFault_Handler
                0x0000000008001ac4                CAN2_SCE_IRQHandler
                0x0000000008001ac4                DMA2_Stream2_IRQHandler
                0x0000000008001ac4                TIM6_DAC_IRQHandler
                0x0000000008001ac4                TIM1_BRK_TIM9_IRQHandler
                0x0000000008001ac4                DCMI_IRQHandler
                0x0000000008001ac4                CAN2_RX0_IRQHandler
                0x0000000008001ac4                DMA2_Stream3_IRQHandler
                0x0000000008001ac4                FMPI2C1_IRQHandler
                0x0000000008001ac4                SAI2_IRQHandler
                0x0000000008001ac4                USART6_IRQHandler
                0x0000000008001ac4                CAN1_RX1_IRQHandler
                0x0000000008001ac4                UART5_IRQHandler
                0x0000000008001ac4                DMA2_Stream0_IRQHandler
                0x0000000008001ac4                TIM4_IRQHandler
                0x0000000008001ac4                I2C1_EV_IRQHandler
                0x0000000008001ac4                HDMI_CEC_IRQHandler
                0x0000000008001ac4                UART4_IRQHandler
                0x0000000008001ac4                TIM3_IRQHandler
                0x0000000008001ac4                RCC_IRQHandler
                0x0000000008001ac4                TIM8_BRK_TIM12_IRQHandler
                0x0000000008001ac4                Default_Handler
                0x0000000008001ac4                ADC_IRQHandler
                0x0000000008001ac4                TIM7_IRQHandler
                0x0000000008001ac4                CAN2_TX_IRQHandler
                0x0000000008001ac4                TIM5_IRQHandler
                0x0000000008001ac4                DMA2_Stream7_IRQHandler
                0x0000000008001ac4                I2C3_EV_IRQHandler
                0x0000000008001ac4                OTG_HS_EP1_IN_IRQHandler
                0x0000000008001ac4                MemManage_Handler
                0x0000000008001ac4                CAN1_TX_IRQHandler
                0x0000000008001ac4                SVC_Handler
                0x0000000008001ac4                OTG_HS_EP1_OUT_IRQHandler
                0x0000000008001ac4                WWDG_IRQHandler
                0x0000000008001ac4                TIM2_IRQHandler
                0x0000000008001ac4                TIM1_TRG_COM_TIM11_IRQHandler
                0x0000000008001ac4                OTG_HS_IRQHandler
                0x0000000008001ac4                I2C2_ER_IRQHandler
                0x0000000008001ac4                DMA2_Stream1_IRQHandler
                0x0000000008001ac4                CAN1_SCE_IRQHandler
                0x0000000008001ac4                FLASH_IRQHandler
                0x0000000008001ac4                DMA2_Stream4_IRQHandler
                0x0000000008001ac4                BusFault_Handler
                0x0000000008001ac4                OTG_FS_IRQHandler
                0x0000000008001ac4                I2C1_ER_IRQHandler
                0x0000000008001ac4                FMC_IRQHandler
                0x0000000008001ac4                DMA2_Stream6_IRQHandler
                0x0000000008001ac4                SAI1_IRQHandler
 *fill*         0x0000000008001ac6        0x2 
 .text.__libc_init_array
                0x0000000008001ac8       0x48 C:/ST/STM32CubeIDE_1.13.0/STM32CubeIDE/plugins/com.st.stm32cube.ide.mcu.externaltools.gnu-tools-for-stm32.11.3.rel1.win32_1.1.0.202305231506/tools/bin/../lib/gcc/arm-none-eabi/11.3.1/../../../../arm-none-eabi/lib/thumb/v7e-m+fp/hard\libc_nano.a(libc_a-init.o)
                0x0000000008001ac8                __libc_init_array
 *(.glue_7)
 .glue_7        0x0000000008001b10        0x0 linker stubs
 *(.glue_7t)
 .glue_7t       0x0000000008001b10        0x0 linker stubs
 *(.eh_frame)
 .eh_frame      0x0000000008001b10        0x0 C:/ST/STM32CubeIDE_1.13.0/STM32CubeIDE/plugins/com.st.stm32cube.ide.mcu.externaltools.gnu-tools-for-stm32.11.3.rel1.win32_1.1.0.202305231506/tools/bin/../lib/gcc/arm-none-eabi/11.3.1/thumb/v7e-m+fp/hard/crtbegin.o
 *(.init)
 .init          0x0000000008001b10        0x4 C:/ST/STM32CubeIDE_1.13.0/STM32CubeIDE/plugins/com.st.stm32cube.ide.mcu.externaltools.gnu-tools-for-stm32.11.3.rel1.win32_1.1.0.202305231506/tools/bin/../lib/gcc/arm-none-eabi/11.3.1/thumb/v7e-m+fp/hard/crti.o
                0x0000000008001b10                _init
 .init          0x0000000008001b14        0x8 C:/ST/STM32CubeIDE_1.13.0/STM32CubeIDE/plugins/com.st.stm32cube.ide.mcu.externaltools.gnu-tools-for-stm32.11.3.rel1.win32_1.1.0.202305231506/tools/bin/../lib/gcc/arm-none-eabi/11.3.1/thumb/v7e-m+fp/hard/crtn.o
 *(.fini)
 .fini          0x0000000008001b1c        0x4 C:/ST/STM32CubeIDE_1.13.0/STM32CubeIDE/plugins/com.st.stm32cube.ide.mcu.externaltools.gnu-tools-for-stm32.11.3.rel1.win32_1.1.0.202305231506/tools/bin/../lib/gcc/arm-none-eabi/11.3.1/thumb/v7e-m+fp/hard/crti.o
                0x0000000008001b1c                _fini
 .fini          0x0000000008001b20        0x8 C:/ST/STM32CubeIDE_1.13.0/STM32CubeIDE/plugins/com.st.stm32cube.ide.mcu.externaltools.gnu-tools-for-stm32.11.3.rel1.win32_1.1.0.202305231506/tools/bin/../lib/gcc/arm-none-eabi/11.3.1/thumb/v7e-m+fp/hard/crtn.o
                0x0000000008001b28                . = ALIGN (0x4)
                0x0000000008001b28                _etext = .

.vfp11_veneer   0x0000000008001b28        0x0
 .vfp11_veneer  0x0000000008001b28        0x0 linker stubs

.v4_bx          0x0000000008001b28        0x0
 .v4_bx         0x0000000008001b28        0x0 linker stubs

.iplt           0x0000000008001b28        0x0
 .iplt          0x0000000008001b28        0x0 C:/ST/STM32CubeIDE_1.13.0/STM32CubeIDE/plugins/com.st.stm32cube.ide.mcu.externaltools.gnu-tools-for-stm32.11.3.rel1.win32_1.1.0.202305231506/tools/bin/../lib/gcc/arm-none-eabi/11.3.1/thumb/v7e-m+fp/hard/crtbegin.o

.rel.dyn        0x0000000008001b28        0x0
 .rel.iplt      0x0000000008001b28        0x0 C:/ST/STM32CubeIDE_1.13.0/STM32CubeIDE/plugins/com.st.stm32cube.ide.mcu.externaltools.gnu-tools-for-stm32.11.3.rel1.win32_1.1.0.202305231506/tools/bin/../lib/gcc/arm-none-eabi/11.3.1/thumb/v7e-m+fp/hard/crtbegin.o

.rodata         0x0000000008001b28        0x0
                0x0000000008001b28                . = ALIGN (0x4)
 *(.rodata)
 *(.rodata*)
                0x0000000008001b28                . = ALIGN (0x4)

.ARM.extab      0x0000000008001b28        0x0
                0x0000000008001b28                . = ALIGN (0x4)
 *(.ARM.extab* .gnu.linkonce.armextab.*)
                0x0000000008001b28                . = ALIGN (0x4)

.ARM            0x0000000008001b28        0x0
                0x0000000008001b28                . = ALIGN (0x4)
                0x0000000008001b28                __exidx_start = .
 *(.ARM.exidx*)
                0x0000000008001b28                __exidx_end = .
                0x0000000008001b28                . = ALIGN (0x4)

.preinit_array  0x0000000008001b28        0x0
                0x0000000008001b28                . = ALIGN (0x4)
                0x0000000008001b28                PROVIDE (__preinit_array_start = .)
 *(.preinit_array*)
                0x0000000008001b28                PROVIDE (__preinit_array_end = .)
                0x0000000008001b28                . = ALIGN (0x4)

.init_array     0x0000000008001b28        0x4
                0x0000000008001b28                . = ALIGN (0x4)
                0x0000000008001b28                PROVIDE (__init_array_start = .)
 *(SORT_BY_NAME(.init_array.*))
 *(.init_array*)
 .init_array    0x0000000008001b28        0x4 C:/ST/STM32CubeIDE_1.13.0/STM32CubeIDE/plugins/com.st.stm32cube.ide.mcu.externaltools.gnu-tools-for-stm32.11.3.rel1.win32_1.1.0.202305231506/tools/bin/../lib/gcc/arm-none-eabi/11.3.1/thumb/v7e-m+fp/hard/crtbegin.o
                0x0000000008001b2c                PROVIDE (__init_array_end = .)
                0x0000000008001b2c                . = ALIGN (0x4)

.fini_array     0x0000000008001b2c        0x4
                0x0000000008001b2c                . = ALIGN (0x4)
                [!provide]                        PROVIDE (__fini_array_start = .)
 *(SORT_BY_NAME(.fini_array.*))
 *(.fini_array*)
 .fini_array    0x0000000008001b2c        0x4 C:/ST/STM32CubeIDE_1.13.0/STM32CubeIDE/plugins/com.st.stm32cube.ide.mcu.externaltools.gnu-tools-for-stm32.11.3.rel1.win32_1.1.0.202305231506/tools/bin/../lib/gcc/arm-none-eabi/11.3.1/thumb/v7e-m+fp/hard/crtbegin.o
                [!provide]                        PROVIDE (__fini_array_end = .)
                0x0000000008001b30                . = ALIGN (0x4)
                0x0000000008001b30                _sidata = LOADADDR (.data)

.data           0x0000000020000000       0x88 load address 0x0000000008001b30
                0x0000000020000000                . = ALIGN (0x4)
                0x0000000020000000                _sdata = .
 *(.data)
 *(.data*)
 .data.i2c1RX_dma_config
                0x0000000020000000        0x9 ./Src/HAL/RTC/DS1307_RTC.o
                0x0000000020000000                i2c1RX_dma_config
 *fill*         0x0000000020000009        0x3 
 .data.i2c1TX_dma_config
                0x000000002000000c        0x9 ./Src/HAL/RTC/DS1307_RTC.o
                0x000000002000000c                i2c1TX_dma_config
 *fill*         0x0000000020000015        0x3 
 .data.sda_config
                0x0000000020000018        0x7 ./Src/HAL/RTC/DS1307_RTC.o
                0x0000000020000018                sda_config
 *fill*         0x000000002000001f        0x1 
 .data.scl_config
                0x0000000020000020        0x7 ./Src/HAL/RTC/DS1307_RTC.o
                0x0000000020000020                scl_config
 *fill*         0x0000000020000027        0x1 
 .data.i2c_config
                0x0000000020000028        0x8 ./Src/HAL/RTC/DS1307_RTC.o
                0x0000000020000028                i2c_config
 .data.GPIOPort
                0x0000000020000030       0x20 ./Src/MCAL/GPIO/GPIO_program.o
 .data.I2Cs     0x0000000020000050        0xc ./Src/MCAL/I2C/I2C_Program.o
                0x0000000020000050                I2Cs
 .data.SPI_NUM  0x000000002000005c       0x10 ./Src/MCAL/SPI/SPI_program.o
 .data.STK_u8IntervalType
                0x000000002000006c        0x1 ./Src/MCAL/STK/SysTick_program.o
 *fill*         0x000000002000006d        0x3 
 .data.USART_Index
                0x0000000020000070       0x18 ./Src/MCAL/UART/USART_program.o
 *(.RamFunc)
 *(.RamFunc*)
                0x0000000020000088                . = ALIGN (0x4)
                0x0000000020000088                _edata = .

.igot.plt       0x0000000020000088        0x0 load address 0x0000000008001bb8
 .igot.plt      0x0000000020000088        0x0 C:/ST/STM32CubeIDE_1.13.0/STM32CubeIDE/plugins/com.st.stm32cube.ide.mcu.externaltools.gnu-tools-for-stm32.11.3.rel1.win32_1.1.0.202305231506/tools/bin/../lib/gcc/arm-none-eabi/11.3.1/thumb/v7e-m+fp/hard/crtbegin.o
                0x0000000020000088                . = ALIGN (0x4)

.bss            0x0000000020000088      0x108 load address 0x0000000008001bb8
                0x0000000020000088                _sbss = .
                0x0000000020000088                __bss_start__ = _sbss
 *(.bss)
 .bss           0x0000000020000088       0x1c C:/ST/STM32CubeIDE_1.13.0/STM32CubeIDE/plugins/com.st.stm32cube.ide.mcu.externaltools.gnu-tools-for-stm32.11.3.rel1.win32_1.1.0.202305231506/tools/bin/../lib/gcc/arm-none-eabi/11.3.1/thumb/v7e-m+fp/hard/crtbegin.o
 *(.bss*)
 .bss.ptr_callBack
                0x00000000200000a4       0x24 ./Src/MCAL/DMA/DMA1_program.o
 .bss.EXTI_PTR_TO_FUNCTION
                0x00000000200000c8       0x5c ./Src/MCAL/EXTI/EXTI_Program.o
 .bss.SPI_pvTxEmptyCallBackLine
                0x0000000020000124       0x10 ./Src/MCAL/SPI/SPI_program.o
 .bss.SPI_pvRxNotEmptyCallBackLine
                0x0000000020000134       0x10 ./Src/MCAL/SPI/SPI_program.o
 .bss.SPI_pvTxData
                0x0000000020000144       0x10 ./Src/MCAL/SPI/SPI_program.o
 .bss.SPI_pvRxDestination
                0x0000000020000154       0x10 ./Src/MCAL/SPI/SPI_program.o
 .bss.SPI_u8GlobleTxIntCounter
                0x0000000020000164        0x4 ./Src/MCAL/SPI/SPI_program.o
 .bss.SPI_u8GlobleRxIntCounter
                0x0000000020000168        0x4 ./Src/MCAL/SPI/SPI_program.o
 .bss.SPI_u8GlobleTxDataSize
                0x000000002000016c        0x4 ./Src/MCAL/SPI/SPI_program.o
 .bss.SPI_u8GlobleRxDataSize
                0x0000000020000170        0x4 ./Src/MCAL/SPI/SPI_program.o
 .bss.SysTick_CallBack
                0x0000000020000174        0x4 ./Src/MCAL/STK/SysTick_program.o
 .bss.USART_ApfCallBack
                0x0000000020000178       0x18 ./Src/MCAL/UART/USART_program.o
 *(COMMON)
                0x0000000020000190                . = ALIGN (0x4)
                0x0000000020000190                _ebss = .
                0x0000000020000190                __bss_end__ = _ebss

._user_heap_stack
                0x0000000020000190      0x600 load address 0x0000000008001bb8
                0x0000000020000190                . = ALIGN (0x8)
                [!provide]                        PROVIDE (end = .)
                0x0000000020000190                PROVIDE (_end = .)
                0x0000000020000390                . = (. + _Min_Heap_Size)
 *fill*         0x0000000020000190      0x200 
                0x0000000020000790                . = (. + _Min_Stack_Size)
 *fill*         0x0000000020000390      0x400 
                0x0000000020000790                . = ALIGN (0x8)

/DISCARD/
 libc.a(*)
 libm.a(*)
 libgcc.a(*)

.ARM.attributes
                0x0000000000000000       0x30
 *(.ARM.attributes)
 .ARM.attributes
                0x0000000000000000       0x1e C:/ST/STM32CubeIDE_1.13.0/STM32CubeIDE/plugins/com.st.stm32cube.ide.mcu.externaltools.gnu-tools-for-stm32.11.3.rel1.win32_1.1.0.202305231506/tools/bin/../lib/gcc/arm-none-eabi/11.3.1/thumb/v7e-m+fp/hard/crti.o
 .ARM.attributes
                0x000000000000001e       0x34 C:/ST/STM32CubeIDE_1.13.0/STM32CubeIDE/plugins/com.st.stm32cube.ide.mcu.externaltools.gnu-tools-for-stm32.11.3.rel1.win32_1.1.0.202305231506/tools/bin/../lib/gcc/arm-none-eabi/11.3.1/thumb/v7e-m+fp/hard/crtbegin.o
 .ARM.attributes
                0x0000000000000052       0x34 ./Src/HAL/RTC/DS1307_RTC.o
 .ARM.attributes
                0x0000000000000086       0x34 ./Src/MCAL/DMA/DMA1_program.o
 .ARM.attributes
                0x00000000000000ba       0x34 ./Src/MCAL/EXTI/EXTI_Program.o
 .ARM.attributes
                0x00000000000000ee       0x34 ./Src/MCAL/GPIO/GPIO_program.o
 .ARM.attributes
                0x0000000000000122       0x34 ./Src/MCAL/I2C/I2C_Program.o
 .ARM.attributes
                0x0000000000000156       0x34 ./Src/MCAL/RCC/RCC_program.o
 .ARM.attributes
                0x000000000000018a       0x34 ./Src/MCAL/SPI/SPI_program.o
 .ARM.attributes
                0x00000000000001be       0x34 ./Src/MCAL/STK/SysTick_program.o
 .ARM.attributes
                0x00000000000001f2       0x34 ./Src/MCAL/UART/USART_program.o
 .ARM.attributes
                0x0000000000000226       0x34 ./Src/main.o
 .ARM.attributes
                0x000000000000025a       0x21 ./Startup/startup_stm32f446retx.o
 .ARM.attributes
                0x000000000000027b       0x34 C:/ST/STM32CubeIDE_1.13.0/STM32CubeIDE/plugins/com.st.stm32cube.ide.mcu.externaltools.gnu-tools-for-stm32.11.3.rel1.win32_1.1.0.202305231506/tools/bin/../lib/gcc/arm-none-eabi/11.3.1/../../../../arm-none-eabi/lib/thumb/v7e-m+fp/hard\libc_nano.a(libc_a-init.o)
 .ARM.attributes
                0x00000000000002af       0x1e C:/ST/STM32CubeIDE_1.13.0/STM32CubeIDE/plugins/com.st.stm32cube.ide.mcu.externaltools.gnu-tools-for-stm32.11.3.rel1.win32_1.1.0.202305231506/tools/bin/../lib/gcc/arm-none-eabi/11.3.1/thumb/v7e-m+fp/hard/crtn.o
OUTPUT(MegaPrj_f446re.elf elf32-littlearm)
LOAD linker stubs
LOAD C:/ST/STM32CubeIDE_1.13.0/STM32CubeIDE/plugins/com.st.stm32cube.ide.mcu.externaltools.gnu-tools-for-stm32.11.3.rel1.win32_1.1.0.202305231506/tools/bin/../lib/gcc/arm-none-eabi/11.3.1/../../../../arm-none-eabi/lib/thumb/v7e-m+fp/hard\libc.a
LOAD C:/ST/STM32CubeIDE_1.13.0/STM32CubeIDE/plugins/com.st.stm32cube.ide.mcu.externaltools.gnu-tools-for-stm32.11.3.rel1.win32_1.1.0.202305231506/tools/bin/../lib/gcc/arm-none-eabi/11.3.1/../../../../arm-none-eabi/lib/thumb/v7e-m+fp/hard\libm.a
LOAD C:/ST/STM32CubeIDE_1.13.0/STM32CubeIDE/plugins/com.st.stm32cube.ide.mcu.externaltools.gnu-tools-for-stm32.11.3.rel1.win32_1.1.0.202305231506/tools/bin/../lib/gcc/arm-none-eabi/11.3.1/thumb/v7e-m+fp/hard\libgcc.a

.comment        0x0000000000000000       0x43
 .comment       0x0000000000000000       0x43 C:/ST/STM32CubeIDE_1.13.0/STM32CubeIDE/plugins/com.st.stm32cube.ide.mcu.externaltools.gnu-tools-for-stm32.11.3.rel1.win32_1.1.0.202305231506/tools/bin/../lib/gcc/arm-none-eabi/11.3.1/thumb/v7e-m+fp/hard/crtbegin.o
                                         0x44 (size before relaxing)
 .comment       0x0000000000000043       0x44 ./Src/HAL/RTC/DS1307_RTC.o
 .comment       0x0000000000000043       0x44 ./Src/MCAL/DMA/DMA1_program.o
 .comment       0x0000000000000043       0x44 ./Src/MCAL/EXTI/EXTI_Program.o
 .comment       0x0000000000000043       0x44 ./Src/MCAL/GPIO/GPIO_program.o
 .comment       0x0000000000000043       0x44 ./Src/MCAL/I2C/I2C_Program.o
 .comment       0x0000000000000043       0x44 ./Src/MCAL/RCC/RCC_program.o
 .comment       0x0000000000000043       0x44 ./Src/MCAL/SPI/SPI_program.o
 .comment       0x0000000000000043       0x44 ./Src/MCAL/STK/SysTick_program.o
 .comment       0x0000000000000043       0x44 ./Src/MCAL/UART/USART_program.o
 .comment       0x0000000000000043       0x44 ./Src/main.o

.debug_info     0x0000000000000000     0x3e06
 .debug_info    0x0000000000000000      0xac1 ./Src/HAL/RTC/DS1307_RTC.o
 .debug_info    0x0000000000000ac1      0x469 ./Src/MCAL/DMA/DMA1_program.o
 .debug_info    0x0000000000000f2a      0x4ba ./Src/MCAL/EXTI/EXTI_Program.o
 .debug_info    0x00000000000013e4      0x554 ./Src/MCAL/GPIO/GPIO_program.o
 .debug_info    0x0000000000001938      0xa39 ./Src/MCAL/I2C/I2C_Program.o
 .debug_info    0x0000000000002371      0x4d0 ./Src/MCAL/RCC/RCC_program.o
 .debug_info    0x0000000000002841      0x695 ./Src/MCAL/SPI/SPI_program.o
 .debug_info    0x0000000000002ed6      0x2f5 ./Src/MCAL/STK/SysTick_program.o
 .debug_info    0x00000000000031cb      0xa2b ./Src/MCAL/UART/USART_program.o
 .debug_info    0x0000000000003bf6      0x1ed ./Src/main.o
 .debug_info    0x0000000000003de3       0x23 ./Startup/startup_stm32f446retx.o

.debug_abbrev   0x0000000000000000      0xdfb
 .debug_abbrev  0x0000000000000000      0x1d8 ./Src/HAL/RTC/DS1307_RTC.o
 .debug_abbrev  0x00000000000001d8      0x140 ./Src/MCAL/DMA/DMA1_program.o
 .debug_abbrev  0x0000000000000318      0x14d ./Src/MCAL/EXTI/EXTI_Program.o
 .debug_abbrev  0x0000000000000465      0x123 ./Src/MCAL/GPIO/GPIO_program.o
 .debug_abbrev  0x0000000000000588      0x227 ./Src/MCAL/I2C/I2C_Program.o
 .debug_abbrev  0x00000000000007af       0xf0 ./Src/MCAL/RCC/RCC_program.o
 .debug_abbrev  0x000000000000089f      0x158 ./Src/MCAL/SPI/SPI_program.o
 .debug_abbrev  0x00000000000009f7      0x157 ./Src/MCAL/STK/SysTick_program.o
 .debug_abbrev  0x0000000000000b4e      0x1dc ./Src/MCAL/UART/USART_program.o
 .debug_abbrev  0x0000000000000d2a       0xbf ./Src/main.o
 .debug_abbrev  0x0000000000000de9       0x12 ./Startup/startup_stm32f446retx.o

.debug_aranges  0x0000000000000000      0x448
 .debug_aranges
                0x0000000000000000       0x68 ./Src/HAL/RTC/DS1307_RTC.o
 .debug_aranges
                0x0000000000000068       0x70 ./Src/MCAL/DMA/DMA1_program.o
 .debug_aranges
                0x00000000000000d8       0xc0 ./Src/MCAL/EXTI/EXTI_Program.o
 .debug_aranges
                0x0000000000000198       0x38 ./Src/MCAL/GPIO/GPIO_program.o
 .debug_aranges
                0x00000000000001d0       0x90 ./Src/MCAL/I2C/I2C_Program.o
 .debug_aranges
                0x0000000000000260       0x58 ./Src/MCAL/RCC/RCC_program.o
 .debug_aranges
                0x00000000000002b8       0x70 ./Src/MCAL/SPI/SPI_program.o
 .debug_aranges
                0x0000000000000328       0x60 ./Src/MCAL/STK/SysTick_program.o
 .debug_aranges
                0x0000000000000388       0x78 ./Src/MCAL/UART/USART_program.o
 .debug_aranges
                0x0000000000000400       0x20 ./Src/main.o
 .debug_aranges
                0x0000000000000420       0x28 ./Startup/startup_stm32f446retx.o

.debug_rnglists
                0x0000000000000000      0x313
 .debug_rnglists
                0x0000000000000000       0x4b ./Src/HAL/RTC/DS1307_RTC.o
 .debug_rnglists
                0x000000000000004b       0x51 ./Src/MCAL/DMA/DMA1_program.o
 .debug_rnglists
                0x000000000000009c       0x8e ./Src/MCAL/EXTI/EXTI_Program.o
 .debug_rnglists
                0x000000000000012a       0x26 ./Src/MCAL/GPIO/GPIO_program.o
 .debug_rnglists
                0x0000000000000150       0x6c ./Src/MCAL/I2C/I2C_Program.o
 .debug_rnglists
                0x00000000000001bc       0x3d ./Src/MCAL/RCC/RCC_program.o
 .debug_rnglists
                0x00000000000001f9       0x54 ./Src/MCAL/SPI/SPI_program.o
 .debug_rnglists
                0x000000000000024d       0x44 ./Src/MCAL/STK/SysTick_program.o
 .debug_rnglists
                0x0000000000000291       0x56 ./Src/MCAL/UART/USART_program.o
 .debug_rnglists
                0x00000000000002e7       0x13 ./Src/main.o
 .debug_rnglists
                0x00000000000002fa       0x19 ./Startup/startup_stm32f446retx.o

.debug_macro    0x0000000000000000     0x2d89
 .debug_macro   0x0000000000000000       0xb0 ./Src/HAL/RTC/DS1307_RTC.o
 .debug_macro   0x00000000000000b0      0xab4 ./Src/HAL/RTC/DS1307_RTC.o
 .debug_macro   0x0000000000000b64       0x22 ./Src/HAL/RTC/DS1307_RTC.o
 .debug_macro   0x0000000000000b86       0x8e ./Src/HAL/RTC/DS1307_RTC.o
 .debug_macro   0x0000000000000c14       0x51 ./Src/HAL/RTC/DS1307_RTC.o
 .debug_macro   0x0000000000000c65      0x103 ./Src/HAL/RTC/DS1307_RTC.o
 .debug_macro   0x0000000000000d68       0x6a ./Src/HAL/RTC/DS1307_RTC.o
 .debug_macro   0x0000000000000dd2      0x1df ./Src/HAL/RTC/DS1307_RTC.o
 .debug_macro   0x0000000000000fb1      0x2a3 ./Src/HAL/RTC/DS1307_RTC.o
 .debug_macro   0x0000000000001254       0x28 ./Src/HAL/RTC/DS1307_RTC.o
 .debug_macro   0x000000000000127c       0x52 ./Src/HAL/RTC/DS1307_RTC.o
 .debug_macro   0x00000000000012ce      0x169 ./Src/MCAL/DMA/DMA1_program.o
 .debug_macro   0x0000000000001437       0x5b ./Src/MCAL/DMA/DMA1_program.o
 .debug_macro   0x0000000000001492       0x2a ./Src/MCAL/DMA/DMA1_program.o
 .debug_macro   0x00000000000014bc       0x94 ./Src/MCAL/DMA/DMA1_program.o
 .debug_macro   0x0000000000001550       0x43 ./Src/MCAL/DMA/DMA1_program.o
 .debug_macro   0x0000000000001593       0x34 ./Src/MCAL/DMA/DMA1_program.o
 .debug_macro   0x00000000000015c7       0x16 ./Src/MCAL/DMA/DMA1_program.o
 .debug_macro   0x00000000000015dd       0x57 ./Src/MCAL/DMA/DMA1_program.o
 .debug_macro   0x0000000000001634       0x97 ./Src/MCAL/DMA/DMA1_program.o
 .debug_macro   0x00000000000016cb      0x369 ./Src/MCAL/DMA/DMA1_program.o
 .debug_macro   0x0000000000001a34       0xfd ./Src/MCAL/DMA/DMA1_program.o
 .debug_macro   0x0000000000001b31       0x10 ./Src/MCAL/DMA/DMA1_program.o
 .debug_macro   0x0000000000001b41       0x16 ./Src/MCAL/DMA/DMA1_program.o
 .debug_macro   0x0000000000001b57       0x43 ./Src/MCAL/DMA/DMA1_program.o
 .debug_macro   0x0000000000001b9a       0x34 ./Src/MCAL/DMA/DMA1_program.o
 .debug_macro   0x0000000000001bce       0x10 ./Src/MCAL/DMA/DMA1_program.o
 .debug_macro   0x0000000000001bde       0x58 ./Src/MCAL/DMA/DMA1_program.o
 .debug_macro   0x0000000000001c36       0x8e ./Src/MCAL/DMA/DMA1_program.o
 .debug_macro   0x0000000000001cc4       0x1c ./Src/MCAL/DMA/DMA1_program.o
 .debug_macro   0x0000000000001ce0      0x177 ./Src/MCAL/DMA/DMA1_program.o
 .debug_macro   0x0000000000001e57       0x16 ./Src/MCAL/DMA/DMA1_program.o
 .debug_macro   0x0000000000001e6d       0x16 ./Src/MCAL/DMA/DMA1_program.o
 .debug_macro   0x0000000000001e83      0x147 ./Src/MCAL/DMA/DMA1_program.o
 .debug_macro   0x0000000000001fca       0x22 ./Src/MCAL/DMA/DMA1_program.o
 .debug_macro   0x0000000000001fec       0x3a ./Src/MCAL/DMA/DMA1_program.o
 .debug_macro   0x0000000000002026      0x166 ./Src/MCAL/EXTI/EXTI_Program.o
 .debug_macro   0x000000000000218c       0x61 ./Src/MCAL/EXTI/EXTI_Program.o
 .debug_macro   0x00000000000021ed      0x172 ./Src/MCAL/GPIO/GPIO_program.o
 .debug_macro   0x000000000000235f       0x22 ./Src/MCAL/GPIO/GPIO_program.o
 .debug_macro   0x0000000000002381       0x58 ./Src/MCAL/GPIO/GPIO_program.o
 .debug_macro   0x00000000000023d9      0x172 ./Src/MCAL/I2C/I2C_Program.o
 .debug_macro   0x000000000000254b       0x58 ./Src/MCAL/I2C/I2C_Program.o
 .debug_macro   0x00000000000025a3      0x179 ./Src/MCAL/RCC/RCC_program.o
 .debug_macro   0x000000000000271c       0x88 ./Src/MCAL/SPI/SPI_program.o
 .debug_macro   0x00000000000027a4       0xd0 ./Src/MCAL/SPI/SPI_program.o
 .debug_macro   0x0000000000002874      0x178 ./Src/MCAL/STK/SysTick_program.o
 .debug_macro   0x00000000000029ec       0x58 ./Src/MCAL/STK/SysTick_program.o
 .debug_macro   0x0000000000002a44      0x17b ./Src/MCAL/UART/USART_program.o
 .debug_macro   0x0000000000002bbf      0x124 ./Src/MCAL/UART/USART_program.o
 .debug_macro   0x0000000000002ce3       0x1c ./Src/MCAL/UART/USART_program.o
 .debug_macro   0x0000000000002cff       0x8a ./Src/main.o

.debug_line     0x0000000000000000     0x542f
 .debug_line    0x0000000000000000      0x6c3 ./Src/HAL/RTC/DS1307_RTC.o
 .debug_line    0x00000000000006c3      0x881 ./Src/MCAL/DMA/DMA1_program.o
 .debug_line    0x0000000000000f44      0x9bf ./Src/MCAL/EXTI/EXTI_Program.o
 .debug_line    0x0000000000001903      0x82b ./Src/MCAL/GPIO/GPIO_program.o
 .debug_line    0x000000000000212e      0xc16 ./Src/MCAL/I2C/I2C_Program.o
 .debug_line    0x0000000000002d44      0x68b ./Src/MCAL/RCC/RCC_program.o
 .debug_line    0x00000000000033cf      0x906 ./Src/MCAL/SPI/SPI_program.o
 .debug_line    0x0000000000003cd5      0x78a ./Src/MCAL/STK/SysTick_program.o
 .debug_line    0x000000000000445f      0xabb ./Src/MCAL/UART/USART_program.o
 .debug_line    0x0000000000004f1a      0x49a ./Src/main.o
 .debug_line    0x00000000000053b4       0x7b ./Startup/startup_stm32f446retx.o

.debug_str      0x0000000000000000     0xb509
 .debug_str     0x0000000000000000     0x5477 ./Src/HAL/RTC/DS1307_RTC.o
                                       0x5642 (size before relaxing)
 .debug_str     0x0000000000005477     0x3c69 ./Src/MCAL/DMA/DMA1_program.o
                                       0x8a6f (size before relaxing)
 .debug_str     0x00000000000090e0      0x3ba ./Src/MCAL/EXTI/EXTI_Program.o
                                       0x88c4 (size before relaxing)
 .debug_str     0x000000000000949a      0x29d ./Src/MCAL/GPIO/GPIO_program.o
                                       0x8969 (size before relaxing)
 .debug_str     0x0000000000009737      0x349 ./Src/MCAL/I2C/I2C_Program.o
                                       0x8f7a (size before relaxing)
 .debug_str     0x0000000000009a80      0x621 ./Src/MCAL/RCC/RCC_program.o
                                       0x8ba8 (size before relaxing)
 .debug_str     0x000000000000a0a1      0x78d ./Src/MCAL/SPI/SPI_program.o
                                       0x5249 (size before relaxing)
 .debug_str     0x000000000000a82e      0x2eb ./Src/MCAL/STK/SysTick_program.o
                                       0x8892 (size before relaxing)
 .debug_str     0x000000000000ab19      0x9a3 ./Src/MCAL/UART/USART_program.o
                                       0x9124 (size before relaxing)
 .debug_str     0x000000000000b4bc       0x1e ./Src/main.o
                                       0x4dcb (size before relaxing)
 .debug_str     0x000000000000b4da       0x2f ./Startup/startup_stm32f446retx.o
                                         0x9c (size before relaxing)

.debug_frame    0x0000000000000000      0xef4
 .debug_frame   0x0000000000000000      0x168 ./Src/HAL/RTC/DS1307_RTC.o
 .debug_frame   0x0000000000000168      0x168 ./Src/MCAL/DMA/DMA1_program.o
 .debug_frame   0x00000000000002d0      0x2c8 ./Src/MCAL/EXTI/EXTI_Program.o
 .debug_frame   0x0000000000000598       0xb0 ./Src/MCAL/GPIO/GPIO_program.o
 .debug_frame   0x0000000000000648      0x248 ./Src/MCAL/I2C/I2C_Program.o
 .debug_frame   0x0000000000000890      0x150 ./Src/MCAL/RCC/RCC_program.o
 .debug_frame   0x00000000000009e0      0x198 ./Src/MCAL/SPI/SPI_program.o
 .debug_frame   0x0000000000000b78      0x154 ./Src/MCAL/STK/SysTick_program.o
 .debug_frame   0x0000000000000ccc      0x1cc ./Src/MCAL/UART/USART_program.o
 .debug_frame   0x0000000000000e98       0x30 ./Src/main.o
 .debug_frame   0x0000000000000ec8       0x2c C:/ST/STM32CubeIDE_1.13.0/STM32CubeIDE/plugins/com.st.stm32cube.ide.mcu.externaltools.gnu-tools-for-stm32.11.3.rel1.win32_1.1.0.202305231506/tools/bin/../lib/gcc/arm-none-eabi/11.3.1/../../../../arm-none-eabi/lib/thumb/v7e-m+fp/hard\libc_nano.a(libc_a-init.o)

.debug_line_str
                0x0000000000000000       0x90
 .debug_line_str
                0x0000000000000000       0x90 ./Startup/startup_stm32f446retx.o
                                         0xa8 (size before relaxing)
