Archive member included to satisfy reference by file (symbol)

C:/ST/STM32CubeIDE_1.13.0/STM32CubeIDE/plugins/com.st.stm32cube.ide.mcu.externaltools.gnu-tools-for-stm32.11.3.rel1.win32_1.1.0.202305231506/tools/bin/../lib/gcc/arm-none-eabi/11.3.1/../../../../arm-none-eabi/lib/thumb/v7e-m+fp/hard\libc_nano.a(libc_a-exit.o)
                              C:/ST/STM32CubeIDE_1.13.0/STM32CubeIDE/plugins/com.st.stm32cube.ide.mcu.externaltools.gnu-tools-for-stm32.11.3.rel1.win32_1.1.0.202305231506/tools/bin/../lib/gcc/arm-none-eabi/11.3.1/../../../../arm-none-eabi/lib/thumb/v7e-m+fp/hard/crt0.o (exit)
C:/ST/STM32CubeIDE_1.13.0/STM32CubeIDE/plugins/com.st.stm32cube.ide.mcu.externaltools.gnu-tools-for-stm32.11.3.rel1.win32_1.1.0.202305231506/tools/bin/../lib/gcc/arm-none-eabi/11.3.1/../../../../arm-none-eabi/lib/thumb/v7e-m+fp/hard\libc_nano.a(libc_a-findfp.o)
                              C:/ST/STM32CubeIDE_1.13.0/STM32CubeIDE/plugins/com.st.stm32cube.ide.mcu.externaltools.gnu-tools-for-stm32.11.3.rel1.win32_1.1.0.202305231506/tools/bin/../lib/gcc/arm-none-eabi/11.3.1/../../../../arm-none-eabi/lib/thumb/v7e-m+fp/hard\libc_nano.a(libc_a-exit.o) (__stdio_exit_handler)
C:/ST/STM32CubeIDE_1.13.0/STM32CubeIDE/plugins/com.st.stm32cube.ide.mcu.externaltools.gnu-tools-for-stm32.11.3.rel1.win32_1.1.0.202305231506/tools/bin/../lib/gcc/arm-none-eabi/11.3.1/../../../../arm-none-eabi/lib/thumb/v7e-m+fp/hard\libc_nano.a(libc_a-fwalk.o)
                              C:/ST/STM32CubeIDE_1.13.0/STM32CubeIDE/plugins/com.st.stm32cube.ide.mcu.externaltools.gnu-tools-for-stm32.11.3.rel1.win32_1.1.0.202305231506/tools/bin/../lib/gcc/arm-none-eabi/11.3.1/../../../../arm-none-eabi/lib/thumb/v7e-m+fp/hard\libc_nano.a(libc_a-findfp.o) (_fwalk_sglue)
C:/ST/STM32CubeIDE_1.13.0/STM32CubeIDE/plugins/com.st.stm32cube.ide.mcu.externaltools.gnu-tools-for-stm32.11.3.rel1.win32_1.1.0.202305231506/tools/bin/../lib/gcc/arm-none-eabi/11.3.1/../../../../arm-none-eabi/lib/thumb/v7e-m+fp/hard\libc_nano.a(libc_a-stdio.o)
                              C:/ST/STM32CubeIDE_1.13.0/STM32CubeIDE/plugins/com.st.stm32cube.ide.mcu.externaltools.gnu-tools-for-stm32.11.3.rel1.win32_1.1.0.202305231506/tools/bin/../lib/gcc/arm-none-eabi/11.3.1/../../../../arm-none-eabi/lib/thumb/v7e-m+fp/hard\libc_nano.a(libc_a-findfp.o) (__sread)
C:/ST/STM32CubeIDE_1.13.0/STM32CubeIDE/plugins/com.st.stm32cube.ide.mcu.externaltools.gnu-tools-for-stm32.11.3.rel1.win32_1.1.0.202305231506/tools/bin/../lib/gcc/arm-none-eabi/11.3.1/../../../../arm-none-eabi/lib/thumb/v7e-m+fp/hard\libc_nano.a(libc_a-memset.o)
                              C:/ST/STM32CubeIDE_1.13.0/STM32CubeIDE/plugins/com.st.stm32cube.ide.mcu.externaltools.gnu-tools-for-stm32.11.3.rel1.win32_1.1.0.202305231506/tools/bin/../lib/gcc/arm-none-eabi/11.3.1/../../../../arm-none-eabi/lib/thumb/v7e-m+fp/hard/crt0.o (memset)
C:/ST/STM32CubeIDE_1.13.0/STM32CubeIDE/plugins/com.st.stm32cube.ide.mcu.externaltools.gnu-tools-for-stm32.11.3.rel1.win32_1.1.0.202305231506/tools/bin/../lib/gcc/arm-none-eabi/11.3.1/../../../../arm-none-eabi/lib/thumb/v7e-m+fp/hard\libc_nano.a(libc_a-closer.o)
                              C:/ST/STM32CubeIDE_1.13.0/STM32CubeIDE/plugins/com.st.stm32cube.ide.mcu.externaltools.gnu-tools-for-stm32.11.3.rel1.win32_1.1.0.202305231506/tools/bin/../lib/gcc/arm-none-eabi/11.3.1/../../../../arm-none-eabi/lib/thumb/v7e-m+fp/hard\libc_nano.a(libc_a-stdio.o) (_close_r)
C:/ST/STM32CubeIDE_1.13.0/STM32CubeIDE/plugins/com.st.stm32cube.ide.mcu.externaltools.gnu-tools-for-stm32.11.3.rel1.win32_1.1.0.202305231506/tools/bin/../lib/gcc/arm-none-eabi/11.3.1/../../../../arm-none-eabi/lib/thumb/v7e-m+fp/hard\libc_nano.a(libc_a-reent.o)
                              C:/ST/STM32CubeIDE_1.13.0/STM32CubeIDE/plugins/com.st.stm32cube.ide.mcu.externaltools.gnu-tools-for-stm32.11.3.rel1.win32_1.1.0.202305231506/tools/bin/../lib/gcc/arm-none-eabi/11.3.1/../../../../arm-none-eabi/lib/thumb/v7e-m+fp/hard\libc_nano.a(libc_a-closer.o) (errno)
C:/ST/STM32CubeIDE_1.13.0/STM32CubeIDE/plugins/com.st.stm32cube.ide.mcu.externaltools.gnu-tools-for-stm32.11.3.rel1.win32_1.1.0.202305231506/tools/bin/../lib/gcc/arm-none-eabi/11.3.1/../../../../arm-none-eabi/lib/thumb/v7e-m+fp/hard\libc_nano.a(libc_a-impure.o)
                              C:/ST/STM32CubeIDE_1.13.0/STM32CubeIDE/plugins/com.st.stm32cube.ide.mcu.externaltools.gnu-tools-for-stm32.11.3.rel1.win32_1.1.0.202305231506/tools/bin/../lib/gcc/arm-none-eabi/11.3.1/../../../../arm-none-eabi/lib/thumb/v7e-m+fp/hard\libc_nano.a(libc_a-reent.o) (_impure_ptr)
C:/ST/STM32CubeIDE_1.13.0/STM32CubeIDE/plugins/com.st.stm32cube.ide.mcu.externaltools.gnu-tools-for-stm32.11.3.rel1.win32_1.1.0.202305231506/tools/bin/../lib/gcc/arm-none-eabi/11.3.1/../../../../arm-none-eabi/lib/thumb/v7e-m+fp/hard\libc_nano.a(libc_a-lseekr.o)
[...]
Memory Configuration

Name             Origin             Length             Attributes
RAM              0x0000000020000000 0x0000000000020000 xrw
FLASH            0x0000000008000000 0x0000000000080000 xr
*default*        0x0000000000000000 0xffffffffffffffff

Linker script and memory map

LOAD C:/ST/STM32CubeIDE_1.13.0/STM32CubeIDE/plugins/com.st.stm32cube.ide.mcu.externaltools.gnu-tools-for-stm32.11.3.rel1.win32_1.1.0.202305231506/tools/bin/../lib/gcc/arm-none-eabi/11.3.1/thumb/v7e-m+fp/hard/crti.o
LOAD C:/ST/STM32CubeIDE_1.13.0/STM32CubeIDE/plugins/com.st.stm32cube.ide.mcu.externaltools.gnu-tools-for-stm32.11.3.rel1.win32_1.1.0.202305231506/tools/bin/../lib/gcc/arm-none-eabi/11.3.1/thumb/v7e-m+fp/hard/crtbegin.o
LOAD C:/ST/STM32CubeIDE_1.13.0/STM32CubeIDE/plugins/com.st.stm32cube.ide.mcu.externaltools.gnu-tools-for-stm32.11.3.rel1.win32_1.1.0.202305231506/tools/bin/../lib/gcc/arm-none-eabi/11.3.1/../../../../arm-none-eabi/lib/thumb/v7e-m+fp/hard/crt0.o
LOAD ./Src/App_Abdelrahman.o
LOAD ./Src/syscalls.o
LOAD ./Src/sysmem.o
LOAD ./Src/HAL/RTC/DS1307_RTC.o
LOAD ./Src/MCAL/DMA/DMA1_program.o
LOAD ./Src/MCAL/EXTI/EXTI_Program.o
LOAD ./Src/MCAL/GPIO/GPIO_program.o
LOAD ./Src/MCAL/I2C/I2C_Program.o
LOAD ./Src/MCAL/NVIC/NVIC_program.o
LOAD ./Src/MCAL/RCC/RCC_program.o
LOAD ./Src/MCAL/SPI/SPI_program.o
LOAD ./Src/MCAL/STK/SysTick_program.o
LOAD ./Src/MCAL/SYSCFG/SYSCFG_Program.o
LOAD ./Src/MCAL/UART/USART_program.o
LOAD ./Startup/startup_stm32f446retx.o
START GROUP
LOAD C:/ST/STM32CubeIDE_1.13.0/STM32CubeIDE/plugins/com.st.stm32cube.ide.mcu.externaltools.gnu-tools-for-stm32.11.3.rel1.win32_1.1.0.202305231506/tools/bin/../lib/gcc/arm-none-eabi/11.3.1/../../../../arm-none-eabi/lib/thumb/v7e-m+fp/hard\libc_nano.a
LOAD C:/ST/STM32CubeIDE_1.13.0/STM32CubeIDE/plugins/com.st.stm32cube.ide.mcu.externaltools.gnu-tools-for-stm32.11.3.rel1.win32_1.1.0.202305231506/tools/bin/../lib/gcc/arm-none-eabi/11.3.1/../../../../arm-none-eabi/lib/thumb/v7e-m+fp/hard\libm.a
END GROUP
START GROUP
LOAD C:/ST/STM32CubeIDE_1.13.0/STM32CubeIDE/plugins/com.st.stm32cube.ide.mcu.externaltools.gnu-tools-for-stm32.11.3.rel1.win32_1.1.0.202305231506/tools/bin/../lib/gcc/arm-none-eabi/11.3.1/thumb/v7e-m+fp/hard\libgcc.a
LOAD C:/ST/STM32CubeIDE_1.13.0/STM32CubeIDE/plugins/com.st.stm32cube.ide.mcu.externaltools.gnu-tools-for-stm32.11.3.rel1.win32_1.1.0.202305231506/tools/bin/../lib/gcc/arm-none-eabi/11.3.1/../../../../arm-none-eabi/lib/thumb/v7e-m+fp/hard\libc_nano.a
END GROUP
START GROUP
LOAD C:/ST/STM32CubeIDE_1.13.0/STM32CubeIDE/plugins/com.st.stm32cube.ide.mcu.externaltools.gnu-tools-for-stm32.11.3.rel1.win32_1.1.0.202305231506/tools/bin/../lib/gcc/arm-none-eabi/11.3.1/thumb/v7e-m+fp/hard\libgcc.a
LOAD C:/ST/STM32CubeIDE_1.13.0/STM32CubeIDE/plugins/com.st.stm32cube.ide.mcu.externaltools.gnu-tools-for-stm32.11.3.rel1.win32_1.1.0.202305231506/tools/bin/../lib/gcc/arm-none-eabi/11.3.1/../../../../arm-none-eabi/lib/thumb/v7e-m+fp/hard\libc_nano.a
LOAD C:/ST/STM32CubeIDE_1.13.0/STM32CubeIDE/plugins/com.st.stm32cube.ide.mcu.externaltools.gnu-tools-for-stm32.11.3.rel1.win32_1.1.0.202305231506/tools/bin/../lib/gcc/arm-none-eabi/11.3.1/../../../../arm-none-eabi/lib/thumb/v7e-m+fp/hard\libnosys.a
END GROUP
START GROUP
LOAD C:/ST/STM32CubeIDE_1.13.0/STM32CubeIDE/plugins/com.st.stm32cube.ide.mcu.externaltools.gnu-tools-for-stm32.11.3.rel1.win32_1.1.0.202305231506/tools/bin/../lib/gcc/arm-none-eabi/11.3.1/thumb/v7e-m+fp/hard\libgcc.a
LOAD C:/ST/STM32CubeIDE_1.13.0/STM32CubeIDE/plugins/com.st.stm32cube.ide.mcu.externaltools.gnu-tools-for-stm32.11.3.rel1.win32_1.1.0.202305231506/tools/bin/../lib/gcc/arm-none-eabi/11.3.1/../../../../arm-none-eabi/lib/thumb/v7e-m+fp/hard\libc_nano.a
LOAD C:/ST/STM32CubeIDE_1.13.0/STM32CubeIDE/plugins/com.st.stm32cube.ide.mcu.externaltools.gnu-tools-for-stm32.11.3.rel1.win32_1.1.0.202305231506/tools/bin/../lib/gcc/arm-none-eabi/11.3.1/../../../../arm-none-eabi/lib/thumb/v7e-m+fp/hard\libnosys.a
END GROUP
LOAD C:/ST/STM32CubeIDE_1.13.0/STM32CubeIDE/plugins/com.st.stm32cube.ide.mcu.externaltools.gnu-tools-for-stm32.11.3.rel1.win32_1.1.0.202305231506/tools/bin/../lib/gcc/arm-none-eabi/11.3.1/thumb/v7e-m+fp/hard/crtend.o
LOAD C:/ST/STM32CubeIDE_1.13.0/STM32CubeIDE/plugins/com.st.stm32cube.ide.mcu.externaltools.gnu-tools-for-stm32.11.3.rel1.win32_1.1.0.202305231506/tools/bin/../lib/gcc/arm-none-eabi/11.3.1/thumb/v7e-m+fp/hard/crtn.o
                0x0000000020020000                _estack = (ORIGIN (RAM) + LENGTH (RAM))
                0x0000000000000200                _Min_Heap_Size = 0x200
                0x0000000000000400                _Min_Stack_Size = 0x400

.isr_vector     0x0000000008000000      0x1c4
                0x0000000008000000                . = ALIGN (0x4)
 *(.isr_vector)
 .isr_vector    0x0000000008000000      0x1c4 ./Startup/startup_stm32f446retx.o
                0x0000000008000000                g_pfnVectors
                0x00000000080001c4                . = ALIGN (0x4)

.text           0x00000000080001c4     0x191c
                0x00000000080001c4                . = ALIGN (0x4)
 *(.text)
 .text          0x00000000080001c4       0x40 C:/ST/STM32CubeIDE_1.13.0/STM32CubeIDE/plugins/com.st.stm32cube.ide.mcu.externaltools.gnu-tools-for-stm32.11.3.rel1.win32_1.1.0.202305231506/tools/bin/../lib/gcc/arm-none-eabi/11.3.1/thumb/v7e-m+fp/hard/crtbegin.o
 *(.text*)
 .text.DMA1_Stream7_IRQHandler
                0x0000000008000204        0x6 ./Src/App_Abdelrahman.o
                0x0000000008000204                DMA1_Stream7_IRQHandler
 .text.main     0x000000000800020a       0x10 ./Src/App_Abdelrahman.o
                0x000000000800020a                main
 .text.ds1307_RTC_init
                0x000000000800021a       0x50 ./Src/HAL/RTC/DS1307_RTC.o
                0x000000000800021a                ds1307_RTC_init
 *fill*         0x000000000800026a        0x2 
 .text.ds1307_i2c_pin_config
                0x000000000800026c       0x30 ./Src/HAL/RTC/DS1307_RTC.o
 .text.ds1307_i2c_config
                0x000000000800029c       0x14 ./Src/HAL/RTC/DS1307_RTC.o
 .text.ds1307_dma_config
                0x00000000080002b0       0x1c ./Src/HAL/RTC/DS1307_RTC.o
 .text.ds1307_write
                0x00000000080002cc       0x3c ./Src/HAL/RTC/DS1307_RTC.o
 .text.ds1307_read
                0x0000000008000308       0x50 ./Src/HAL/RTC/DS1307_RTC.o
 .text.DMA1_init
                0x0000000008000358      0x44c ./Src/MCAL/DMA/DMA1_program.o
                0x0000000008000358                DMA1_init
 .text.DMA1_send_Data
                0x00000000080007a4       0xac ./Src/MCAL/DMA/DMA1_program.o
                0x00000000080007a4                DMA1_send_Data
 .text.DMA1_Stream0_IRQHandler
                0x0000000008000850       0x1c ./Src/MCAL/DMA/DMA1_program.o
                0x0000000008000850                DMA1_Stream0_IRQHandler
 .text.DMA1_Stream1_IRQHandler
                0x000000000800086c       0x20 ./Src/MCAL/DMA/DMA1_program.o
                0x000000000800086c                DMA1_Stream1_IRQHandler
 .text.DMA1_Stream2_IRQHandler
                0x000000000800088c       0x20 ./Src/MCAL/DMA/DMA1_program.o
                0x000000000800088c                DMA1_Stream2_IRQHandler
 .text.DMA1_Stream3_IRQHandler
                0x00000000080008ac       0x20 ./Src/MCAL/DMA/DMA1_program.o
                0x00000000080008ac                DMA1_Stream3_IRQHandler
 .text.DMA1_Stream4_IRQHandler
                0x00000000080008cc       0x1c ./Src/MCAL/DMA/DMA1_program.o
                0x00000000080008cc                DMA1_Stream4_IRQHandler
 .text.DMA1_Stream5_IRQHandler
                0x00000000080008e8       0x20 ./Src/MCAL/DMA/DMA1_program.o
                0x00000000080008e8                DMA1_Stream5_IRQHandler
 .text.DMA1_Stream6_IRQHandler
                0x0000000008000908       0x20 ./Src/MCAL/DMA/DMA1_program.o
                0x0000000008000908                DMA1_Stream6_IRQHandler
 .text.EXTI_voidClearPendingFlag
                0x0000000008000928       0x30 ./Src/MCAL/EXTI/EXTI_Program.o
                0x0000000008000928                EXTI_voidClearPendingFlag
 .text.EXTI_voidReadPendingFlag
                0x0000000008000958       0x34 ./Src/MCAL/EXTI/EXTI_Program.o
                0x0000000008000958                EXTI_voidReadPendingFlag
 .text.EXTI0_IRQHandler
                0x000000000800098c       0x20 ./Src/MCAL/EXTI/EXTI_Program.o
                0x000000000800098c                EXTI0_IRQHandler
 .text.EXTI1_IRQHandler
                0x00000000080009ac       0x20 ./Src/MCAL/EXTI/EXTI_Program.o
                0x00000000080009ac                EXTI1_IRQHandler
 .text.EXTI2_IRQHandler
                0x00000000080009cc       0x20 ./Src/MCAL/EXTI/EXTI_Program.o
                0x00000000080009cc                EXTI2_IRQHandler
 .text.EXTI3_IRQHandler
                0x00000000080009ec       0x20 ./Src/MCAL/EXTI/EXTI_Program.o
                0x00000000080009ec                EXTI3_IRQHandler
 .text.EXTI4_IRQHandler
                0x0000000008000a0c       0x20 ./Src/MCAL/EXTI/EXTI_Program.o
                0x0000000008000a0c                EXTI4_IRQHandler
 .text.EXTI9_5_IRQHandler
                0x0000000008000a2c       0xcc ./Src/MCAL/EXTI/EXTI_Program.o
                0x0000000008000a2c                EXTI9_5_IRQHandler
 .text.EXTI15_10_IRQHandler
                0x0000000008000af8       0xf0 ./Src/MCAL/EXTI/EXTI_Program.o
                0x0000000008000af8                EXTI15_10_IRQHandler
 .text.PVD_IRQHandler
                0x0000000008000be8       0x20 ./Src/MCAL/EXTI/EXTI_Program.o
                0x0000000008000be8                PVD_IRQHandler
 .text.RTC_Alarm_IRQHandler
                0x0000000008000c08       0x20 ./Src/MCAL/EXTI/EXTI_Program.o
                0x0000000008000c08                RTC_Alarm_IRQHandler
 .text.OTG_FS_WKUP_IRQHandler
                0x0000000008000c28       0x20 ./Src/MCAL/EXTI/EXTI_Program.o
                0x0000000008000c28                OTG_FS_WKUP_IRQHandler
 .text.OTG_HS_WKUP_IRQHandler
                0x0000000008000c48       0x20 ./Src/MCAL/EXTI/EXTI_Program.o
                0x0000000008000c48                OTG_HS_WKUP_IRQHandler
 .text.TAMP_STAMP_IRQHandler
                0x0000000008000c68       0x20 ./Src/MCAL/EXTI/EXTI_Program.o
                0x0000000008000c68                TAMP_STAMP_IRQHandler
 .text.RTC_WKUP_IRQHandler
                0x0000000008000c88       0x20 ./Src/MCAL/EXTI/EXTI_Program.o
                0x0000000008000c88                RTC_WKUP_IRQHandler
 .text.GPIO_u8PinInit
                0x0000000008000ca8      0x25c ./Src/MCAL/GPIO/GPIO_program.o
                0x0000000008000ca8                GPIO_u8PinInit
 .text.GPIO_u8SetPinValue
                0x0000000008000f04       0x7c ./Src/MCAL/GPIO/GPIO_program.o
                0x0000000008000f04                GPIO_u8SetPinValue
 .text.I2C_Init
                0x0000000008000f80      0x1dc ./Src/MCAL/I2C/I2C_Program.o
                0x0000000008000f80                I2C_Init
 .text.I2C_Send_Start_Condition
                0x000000000800115c       0x58 ./Src/MCAL/I2C/I2C_Program.o
                0x000000000800115c                I2C_Send_Start_Condition
 .text.I2C_Send_Stop_Condition
                0x00000000080011b4       0x44 ./Src/MCAL/I2C/I2C_Program.o
                0x00000000080011b4                I2C_Send_Stop_Condition
 .text.I2C_Master_Transmit_DMA
                0x00000000080011f8      0x110 ./Src/MCAL/I2C/I2C_Program.o
                0x00000000080011f8                I2C_Master_Transmit_DMA
 .text.I2C_Master_Receive_DMA
                0x0000000008001308       0x48 ./Src/MCAL/I2C/I2C_Program.o
                0x0000000008001308                I2C_Master_Receive_DMA
 .text.I2C_Enable_DMA
                0x0000000008001350       0x44 ./Src/MCAL/I2C/I2C_Program.o
                0x0000000008001350                I2C_Enable_DMA
 .text.I2C_Set_SCL_Frequency
                0x0000000008001394       0x64 ./Src/MCAL/I2C/I2C_Program.o
 .text.I2C_CheckConfigs
                0x00000000080013f8       0xe6 ./Src/MCAL/I2C/I2C_Program.o
 *fill*         0x00000000080014de        0x2 
 .text.I2C_SendAddressPacketMTransmitter_DMA
                0x00000000080014e0       0x7c ./Src/MCAL/I2C/I2C_Program.o
                0x00000000080014e0                I2C_SendAddressPacketMTransmitter_DMA
 .text.I2C_SendDataPacket_DMA
                0x000000000800155c       0x3c ./Src/MCAL/I2C/I2C_Program.o
                0x000000000800155c                I2C_SendDataPacket_DMA
 .text.I2C_SendAddressPacketMReceiver_DMA
                0x0000000008001598       0x54 ./Src/MCAL/I2C/I2C_Program.o
                0x0000000008001598                I2C_SendAddressPacketMReceiver_DMA
 .text.RCC_AHB1EnableCLK
                0x00000000080015ec       0x30 ./Src/MCAL/RCC/RCC_program.o
                0x00000000080015ec                RCC_AHB1EnableCLK
 .text.RCC_APB1EnableCLK
                0x000000000800161c       0x30 ./Src/MCAL/RCC/RCC_program.o
                0x000000000800161c                RCC_APB1EnableCLK
 .text.SPI1_IRQHandler
                0x000000000800164c       0xbc ./Src/MCAL/SPI/SPI_program.o
                0x000000000800164c                SPI1_IRQHandler
 .text.SPI2_IRQHandler
                0x0000000008001708       0xbc ./Src/MCAL/SPI/SPI_program.o
                0x0000000008001708                SPI2_IRQHandler
 .text.SPI3_IRQHandler
                0x00000000080017c4       0xbc ./Src/MCAL/SPI/SPI_program.o
                0x00000000080017c4                SPI3_IRQHandler
 .text.SPI4_IRQHandler
                0x0000000008001880       0xbc ./Src/MCAL/SPI/SPI_program.o
                0x0000000008001880                SPI4_IRQHandler
 .text.MSTK_voidStopTimer
                0x000000000800193c       0x2c ./Src/MCAL/STK/SysTick_program.o
                0x000000000800193c                MSTK_voidStopTimer
 .text.SysTick_Handler
                0x0000000008001968       0x3c ./Src/MCAL/STK/SysTick_program.o
                0x0000000008001968                SysTick_Handler
 .text.MUSART_voidClearFlags
                0x00000000080019a4       0x28 ./Src/MCAL/UART/USART_program.o
                0x00000000080019a4                MUSART_voidClearFlags
 .text.USART1_IRQHandler
                0x00000000080019cc       0x20 ./Src/MCAL/UART/USART_program.o
                0x00000000080019cc                USART1_IRQHandler
 .text.USART2_IRQHandler
                0x00000000080019ec       0x20 ./Src/MCAL/UART/USART_program.o
                0x00000000080019ec                USART2_IRQHandler
 .text.USART3_IRQHandler
                0x0000000008001a0c       0x20 ./Src/MCAL/UART/USART_program.o
                0x0000000008001a0c                USART3_IRQHandler
 .text.Reset_Handler
                0x0000000008001a2c       0x50 ./Startup/startup_stm32f446retx.o
                0x0000000008001a2c                Reset_Handler
 .text.Default_Handler
                0x0000000008001a7c        0x2 ./Startup/startup_stm32f446retx.o
                0x0000000008001a7c                TIM8_CC_IRQHandler
                0x0000000008001a7c                SPDIF_Rx_IRQHandler
                0x0000000008001a7c                DebugMon_Handler
                0x0000000008001a7c                TIM1_CC_IRQHandler
                0x0000000008001a7c                QuadSPI_IRQHandler
                0x0000000008001a7c                DMA2_Stream5_IRQHandler
                0x0000000008001a7c                HardFault_Handler
                0x0000000008001a7c                SDIO_IRQHandler
                0x0000000008001a7c                PendSV_Handler
                0x0000000008001a7c                NMI_Handler
                0x0000000008001a7c                CAN2_RX1_IRQHandler
                0x0000000008001a7c                TIM8_TRG_COM_TIM14_IRQHandler
                0x0000000008001a7c                TIM1_UP_TIM10_IRQHandler
                0x0000000008001a7c                FMPI2C1_error_IRQHandler
                0x0000000008001a7c                TIM8_UP_TIM13_IRQHandler
                0x0000000008001a7c                I2C3_ER_IRQHandler
                0x0000000008001a7c                I2C2_EV_IRQHandler
                0x0000000008001a7c                CAN1_RX0_IRQHandler
                0x0000000008001a7c                UsageFault_Handler
                0x0000000008001a7c                CAN2_SCE_IRQHandler
                0x0000000008001a7c                DMA2_Stream2_IRQHandler
                0x0000000008001a7c                TIM6_DAC_IRQHandler
                0x0000000008001a7c                TIM1_BRK_TIM9_IRQHandler
                0x0000000008001a7c                DCMI_IRQHandler
                0x0000000008001a7c                CAN2_RX0_IRQHandler
                0x0000000008001a7c                DMA2_Stream3_IRQHandler
                0x0000000008001a7c                FMPI2C1_IRQHandler
                0x0000000008001a7c                SAI2_IRQHandler
                0x0000000008001a7c                USART6_IRQHandler
                0x0000000008001a7c                CAN1_RX1_IRQHandler
                0x0000000008001a7c                UART5_IRQHandler
                0x0000000008001a7c                DMA2_Stream0_IRQHandler
                0x0000000008001a7c                TIM4_IRQHandler
                0x0000000008001a7c                I2C1_EV_IRQHandler
                0x0000000008001a7c                HDMI_CEC_IRQHandler
                0x0000000008001a7c                UART4_IRQHandler
                0x0000000008001a7c                TIM3_IRQHandler
                0x0000000008001a7c                RCC_IRQHandler
                0x0000000008001a7c                TIM8_BRK_TIM12_IRQHandler
                0x0000000008001a7c                Default_Handler
                0x0000000008001a7c                ADC_IRQHandler
                0x0000000008001a7c                TIM7_IRQHandler
                0x0000000008001a7c                CAN2_TX_IRQHandler
                0x0000000008001a7c                TIM5_IRQHandler
                0x0000000008001a7c                DMA2_Stream7_IRQHandler
                0x0000000008001a7c                I2C3_EV_IRQHandler
                0x0000000008001a7c                OTG_HS_EP1_IN_IRQHandler
                0x0000000008001a7c                MemManage_Handler
                0x0000000008001a7c                CAN1_TX_IRQHandler
                0x0000000008001a7c                SVC_Handler
                0x0000000008001a7c                OTG_HS_EP1_OUT_IRQHandler
                0x0000000008001a7c                WWDG_IRQHandler
                0x0000000008001a7c                TIM2_IRQHandler
                0x0000000008001a7c                TIM1_TRG_COM_TIM11_IRQHandler
                0x0000000008001a7c                OTG_HS_IRQHandler
                0x0000000008001a7c                I2C2_ER_IRQHandler
                0x0000000008001a7c                DMA2_Stream1_IRQHandler
                0x0000000008001a7c                CAN1_SCE_IRQHandler
                0x0000000008001a7c                FLASH_IRQHandler
                0x0000000008001a7c                DMA2_Stream4_IRQHandler
                0x0000000008001a7c                BusFault_Handler
                0x0000000008001a7c                OTG_FS_IRQHandler
                0x0000000008001a7c                I2C1_ER_IRQHandler
                0x0000000008001a7c                FMC_IRQHandler
                0x0000000008001a7c                DMA2_Stream6_IRQHandler
                0x0000000008001a7c                SAI1_IRQHandler
 *fill*         0x0000000008001a7e        0x2 
 .text.__libc_init_array
                0x0000000008001a80       0x48 C:/ST/STM32CubeIDE_1.13.0/STM32CubeIDE/plugins/com.st.stm32cube.ide.mcu.externaltools.gnu-tools-for-stm32.11.3.rel1.win32_1.1.0.202305231506/tools/bin/../lib/gcc/arm-none-eabi/11.3.1/../../../../arm-none-eabi/lib/thumb/v7e-m+fp/hard\libc_nano.a(libc_a-init.o)
                0x0000000008001a80                __libc_init_array
 *(.glue_7)
 .glue_7        0x0000000008001ac8        0x0 linker stubs
 *(.glue_7t)
 .glue_7t       0x0000000008001ac8        0x0 linker stubs
 *(.eh_frame)
 .eh_frame      0x0000000008001ac8        0x0 C:/ST/STM32CubeIDE_1.13.0/STM32CubeIDE/plugins/com.st.stm32cube.ide.mcu.externaltools.gnu-tools-for-stm32.11.3.rel1.win32_1.1.0.202305231506/tools/bin/../lib/gcc/arm-none-eabi/11.3.1/thumb/v7e-m+fp/hard/crtbegin.o
 *(.init)
 .init          0x0000000008001ac8        0x4 C:/ST/STM32CubeIDE_1.13.0/STM32CubeIDE/plugins/com.st.stm32cube.ide.mcu.externaltools.gnu-tools-for-stm32.11.3.rel1.win32_1.1.0.202305231506/tools/bin/../lib/gcc/arm-none-eabi/11.3.1/thumb/v7e-m+fp/hard/crti.o
                0x0000000008001ac8                _init
 .init          0x0000000008001acc        0x8 C:/ST/STM32CubeIDE_1.13.0/STM32CubeIDE/plugins/com.st.stm32cube.ide.mcu.externaltools.gnu-tools-for-stm32.11.3.rel1.win32_1.1.0.202305231506/tools/bin/../lib/gcc/arm-none-eabi/11.3.1/thumb/v7e-m+fp/hard/crtn.o
 *(.fini)
 .fini          0x0000000008001ad4        0x4 C:/ST/STM32CubeIDE_1.13.0/STM32CubeIDE/plugins/com.st.stm32cube.ide.mcu.externaltools.gnu-tools-for-stm32.11.3.rel1.win32_1.1.0.202305231506/tools/bin/../lib/gcc/arm-none-eabi/11.3.1/thumb/v7e-m+fp/hard/crti.o
                0x0000000008001ad4                _fini
 .fini          0x0000000008001ad8        0x8 C:/ST/STM32CubeIDE_1.13.0/STM32CubeIDE/plugins/com.st.stm32cube.ide.mcu.externaltools.gnu-tools-for-stm32.11.3.rel1.win32_1.1.0.202305231506/tools/bin/../lib/gcc/arm-none-eabi/11.3.1/thumb/v7e-m+fp/hard/crtn.o
                0x0000000008001ae0                . = ALIGN (0x4)
                0x0000000008001ae0                _etext = .

.vfp11_veneer   0x0000000008001ae0        0x0
 .vfp11_veneer  0x0000000008001ae0        0x0 linker stubs

.v4_bx          0x0000000008001ae0        0x0
 .v4_bx         0x0000000008001ae0        0x0 linker stubs

.iplt           0x0000000008001ae0        0x0
 .iplt          0x0000000008001ae0        0x0 C:/ST/STM32CubeIDE_1.13.0/STM32CubeIDE/plugins/com.st.stm32cube.ide.mcu.externaltools.gnu-tools-for-stm32.11.3.rel1.win32_1.1.0.202305231506/tools/bin/../lib/gcc/arm-none-eabi/11.3.1/thumb/v7e-m+fp/hard/crtbegin.o

.rel.dyn        0x0000000008001ae0        0x0
 .rel.iplt      0x0000000008001ae0        0x0 C:/ST/STM32CubeIDE_1.13.0/STM32CubeIDE/plugins/com.st.stm32cube.ide.mcu.externaltools.gnu-tools-for-stm32.11.3.rel1.win32_1.1.0.202305231506/tools/bin/../lib/gcc/arm-none-eabi/11.3.1/thumb/v7e-m+fp/hard/crtbegin.o

.rodata         0x0000000008001ae0        0x0
                0x0000000008001ae0                . = ALIGN (0x4)
 *(.rodata)
 *(.rodata*)
                0x0000000008001ae0                . = ALIGN (0x4)

.ARM.extab      0x0000000008001ae0        0x0
                0x0000000008001ae0                . = ALIGN (0x4)
 *(.ARM.extab* .gnu.linkonce.armextab.*)
                0x0000000008001ae0                . = ALIGN (0x4)

.ARM            0x0000000008001ae0        0x0
                0x0000000008001ae0                . = ALIGN (0x4)
                0x0000000008001ae0                __exidx_start = .
 *(.ARM.exidx*)
                0x0000000008001ae0                __exidx_end = .
                0x0000000008001ae0                . = ALIGN (0x4)

.preinit_array  0x0000000008001ae0        0x0
                0x0000000008001ae0                . = ALIGN (0x4)
                0x0000000008001ae0                PROVIDE (__preinit_array_start = .)
 *(.preinit_array*)
                0x0000000008001ae0                PROVIDE (__preinit_array_end = .)
                0x0000000008001ae0                . = ALIGN (0x4)

.init_array     0x0000000008001ae0        0x4
                0x0000000008001ae0                . = ALIGN (0x4)
                0x0000000008001ae0                PROVIDE (__init_array_start = .)
 *(SORT_BY_NAME(.init_array.*))
 *(.init_array*)
 .init_array    0x0000000008001ae0        0x4 C:/ST/STM32CubeIDE_1.13.0/STM32CubeIDE/plugins/com.st.stm32cube.ide.mcu.externaltools.gnu-tools-for-stm32.11.3.rel1.win32_1.1.0.202305231506/tools/bin/../lib/gcc/arm-none-eabi/11.3.1/thumb/v7e-m+fp/hard/crtbegin.o
                0x0000000008001ae4                PROVIDE (__init_array_end = .)
                0x0000000008001ae4                . = ALIGN (0x4)

.fini_array     0x0000000008001ae4        0x4
                0x0000000008001ae4                . = ALIGN (0x4)
                [!provide]                        PROVIDE (__fini_array_start = .)
 *(SORT_BY_NAME(.fini_array.*))
 *(.fini_array*)
 .fini_array    0x0000000008001ae4        0x4 C:/ST/STM32CubeIDE_1.13.0/STM32CubeIDE/plugins/com.st.stm32cube.ide.mcu.externaltools.gnu-tools-for-stm32.11.3.rel1.win32_1.1.0.202305231506/tools/bin/../lib/gcc/arm-none-eabi/11.3.1/thumb/v7e-m+fp/hard/crtbegin.o
                [!provide]                        PROVIDE (__fini_array_end = .)
                0x0000000008001ae8                . = ALIGN (0x4)
                0x0000000008001ae8                _sidata = LOADADDR (.data)

.data           0x0000000020000000       0x90 load address 0x0000000008001ae8
                0x0000000020000000                . = ALIGN (0x4)
                0x0000000020000000                _sdata = .
 *(.data)
 *(.data*)
 .data.i2c1RX_dma_config
                0x0000000020000000        0x9 ./Src/HAL/RTC/DS1307_RTC.o
                0x0000000020000000                i2c1RX_dma_config
 *fill*         0x0000000020000009        0x3 
 .data.i2c1TX_dma_config
                0x000000002000000c        0x9 ./Src/HAL/RTC/DS1307_RTC.o
                0x000000002000000c                i2c1TX_dma_config
 *fill*         0x0000000020000015        0x3 
 .data.sda_config
                0x0000000020000018        0x7 ./Src/HAL/RTC/DS1307_RTC.o
                0x0000000020000018                sda_config
 *fill*         0x000000002000001f        0x1 
 .data.scl_config
                0x0000000020000020        0x7 ./Src/HAL/RTC/DS1307_RTC.o
                0x0000000020000020                scl_config
 *fill*         0x0000000020000027        0x1 
 .data.led      0x0000000020000028        0x7 ./Src/HAL/RTC/DS1307_RTC.o
                0x0000000020000028                led
 *fill*         0x000000002000002f        0x1 
 .data.i2c_config
                0x0000000020000030        0x8 ./Src/HAL/RTC/DS1307_RTC.o
                0x0000000020000030                i2c_config
 .data.GPIOPort
                0x0000000020000038       0x20 ./Src/MCAL/GPIO/GPIO_program.o
 .data.I2Cs     0x0000000020000058        0xc ./Src/MCAL/I2C/I2C_Program.o
                0x0000000020000058                I2Cs
 .data.SPI_NUM  0x0000000020000064       0x10 ./Src/MCAL/SPI/SPI_program.o
 .data.STK_u8IntervalType
                0x0000000020000074        0x1 ./Src/MCAL/STK/SysTick_program.o
 *fill*         0x0000000020000075        0x3 
 .data.USART_Index
                0x0000000020000078       0x18 ./Src/MCAL/UART/USART_program.o
 *(.RamFunc)
 *(.RamFunc*)
                0x0000000020000090                . = ALIGN (0x4)
                0x0000000020000090                _edata = .

.igot.plt       0x0000000020000090        0x0 load address 0x0000000008001b78
 .igot.plt      0x0000000020000090        0x0 C:/ST/STM32CubeIDE_1.13.0/STM32CubeIDE/plugins/com.st.stm32cube.ide.mcu.externaltools.gnu-tools-for-stm32.11.3.rel1.win32_1.1.0.202305231506/tools/bin/../lib/gcc/arm-none-eabi/11.3.1/thumb/v7e-m+fp/hard/crtbegin.o
                0x0000000020000090                . = ALIGN (0x4)

.bss            0x0000000020000090      0x108 load address 0x0000000008001b78
                0x0000000020000090                _sbss = .
                0x0000000020000090                __bss_start__ = _sbss
 *(.bss)
 .bss           0x0000000020000090       0x1c C:/ST/STM32CubeIDE_1.13.0/STM32CubeIDE/plugins/com.st.stm32cube.ide.mcu.externaltools.gnu-tools-for-stm32.11.3.rel1.win32_1.1.0.202305231506/tools/bin/../lib/gcc/arm-none-eabi/11.3.1/thumb/v7e-m+fp/hard/crtbegin.o
 *(.bss*)
 .bss.ptr_callBack
                0x00000000200000ac       0x24 ./Src/MCAL/DMA/DMA1_program.o
 .bss.EXTI_PTR_TO_FUNCTION
                0x00000000200000d0       0x5c ./Src/MCAL/EXTI/EXTI_Program.o
 .bss.SPI_pvTxEmptyCallBackLine
                0x000000002000012c       0x10 ./Src/MCAL/SPI/SPI_program.o
 .bss.SPI_pvRxNotEmptyCallBackLine
                0x000000002000013c       0x10 ./Src/MCAL/SPI/SPI_program.o
 .bss.SPI_pvTxData
                0x000000002000014c       0x10 ./Src/MCAL/SPI/SPI_program.o
 .bss.SPI_pvRxDestination
                0x000000002000015c       0x10 ./Src/MCAL/SPI/SPI_program.o
 .bss.SPI_u8GlobleTxIntCounter
                0x000000002000016c        0x4 ./Src/MCAL/SPI/SPI_program.o
 .bss.SPI_u8GlobleRxIntCounter
                0x0000000020000170        0x4 ./Src/MCAL/SPI/SPI_program.o
 .bss.SPI_u8GlobleTxDataSize
                0x0000000020000174        0x4 ./Src/MCAL/SPI/SPI_program.o
 .bss.SPI_u8GlobleRxDataSize
                0x0000000020000178        0x4 ./Src/MCAL/SPI/SPI_program.o
 .bss.SysTick_CallBack
                0x000000002000017c        0x4 ./Src/MCAL/STK/SysTick_program.o
 .bss.USART_ApfCallBack
                0x0000000020000180       0x18 ./Src/MCAL/UART/USART_program.o
 *(COMMON)
                0x0000000020000198                . = ALIGN (0x4)
                0x0000000020000198                _ebss = .
                0x0000000020000198                __bss_end__ = _ebss

._user_heap_stack
                0x0000000020000198      0x600 load address 0x0000000008001b78
                0x0000000020000198                . = ALIGN (0x8)
                [!provide]                        PROVIDE (end = .)
                0x0000000020000198                PROVIDE (_end = .)
                0x0000000020000398                . = (. + _Min_Heap_Size)
 *fill*         0x0000000020000198      0x200 
                0x0000000020000798                . = (. + _Min_Stack_Size)
 *fill*         0x0000000020000398      0x400 
                0x0000000020000798                . = ALIGN (0x8)

/DISCARD/
 libc.a(*)
 libm.a(*)
 libgcc.a(*)

.ARM.attributes
                0x0000000000000000       0x30
 *(.ARM.attributes)
 .ARM.attributes
                0x0000000000000000       0x1e C:/ST/STM32CubeIDE_1.13.0/STM32CubeIDE/plugins/com.st.stm32cube.ide.mcu.externaltools.gnu-tools-for-stm32.11.3.rel1.win32_1.1.0.202305231506/tools/bin/../lib/gcc/arm-none-eabi/11.3.1/thumb/v7e-m+fp/hard/crti.o
 .ARM.attributes
                0x000000000000001e       0x34 C:/ST/STM32CubeIDE_1.13.0/STM32CubeIDE/plugins/com.st.stm32cube.ide.mcu.externaltools.gnu-tools-for-stm32.11.3.rel1.win32_1.1.0.202305231506/tools/bin/../lib/gcc/arm-none-eabi/11.3.1/thumb/v7e-m+fp/hard/crtbegin.o
 .ARM.attributes
                0x0000000000000052       0x34 ./Src/App_Abdelrahman.o
 .ARM.attributes
                0x0000000000000086       0x34 ./Src/HAL/RTC/DS1307_RTC.o
 .ARM.attributes
                0x00000000000000ba       0x34 ./Src/MCAL/DMA/DMA1_program.o
 .ARM.attributes
                0x00000000000000ee       0x34 ./Src/MCAL/EXTI/EXTI_Program.o
 .ARM.attributes
                0x0000000000000122       0x34 ./Src/MCAL/GPIO/GPIO_program.o
 .ARM.attributes
                0x0000000000000156       0x34 ./Src/MCAL/I2C/I2C_Program.o
 .ARM.attributes
                0x000000000000018a       0x34 ./Src/MCAL/RCC/RCC_program.o
 .ARM.attributes
                0x00000000000001be       0x34 ./Src/MCAL/SPI/SPI_program.o
 .ARM.attributes
                0x00000000000001f2       0x34 ./Src/MCAL/STK/SysTick_program.o
 .ARM.attributes
                0x0000000000000226       0x34 ./Src/MCAL/UART/USART_program.o
 .ARM.attributes
                0x000000000000025a       0x21 ./Startup/startup_stm32f446retx.o
 .ARM.attributes
                0x000000000000027b       0x34 C:/ST/STM32CubeIDE_1.13.0/STM32CubeIDE/plugins/com.st.stm32cube.ide.mcu.externaltools.gnu-tools-for-stm32.11.3.rel1.win32_1.1.0.202305231506/tools/bin/../lib/gcc/arm-none-eabi/11.3.1/../../../../arm-none-eabi/lib/thumb/v7e-m+fp/hard\libc_nano.a(libc_a-init.o)
 .ARM.attributes
                0x00000000000002af       0x1e C:/ST/STM32CubeIDE_1.13.0/STM32CubeIDE/plugins/com.st.stm32cube.ide.mcu.externaltools.gnu-tools-for-stm32.11.3.rel1.win32_1.1.0.202305231506/tools/bin/../lib/gcc/arm-none-eabi/11.3.1/thumb/v7e-m+fp/hard/crtn.o
OUTPUT(MegaPrj_f446re.elf elf32-littlearm)
LOAD linker stubs
LOAD C:/ST/STM32CubeIDE_1.13.0/STM32CubeIDE/plugins/com.st.stm32cube.ide.mcu.externaltools.gnu-tools-for-stm32.11.3.rel1.win32_1.1.0.202305231506/tools/bin/../lib/gcc/arm-none-eabi/11.3.1/../../../../arm-none-eabi/lib/thumb/v7e-m+fp/hard\libc.a
LOAD C:/ST/STM32CubeIDE_1.13.0/STM32CubeIDE/plugins/com.st.stm32cube.ide.mcu.externaltools.gnu-tools-for-stm32.11.3.rel1.win32_1.1.0.202305231506/tools/bin/../lib/gcc/arm-none-eabi/11.3.1/../../../../arm-none-eabi/lib/thumb/v7e-m+fp/hard\libm.a
LOAD C:/ST/STM32CubeIDE_1.13.0/STM32CubeIDE/plugins/com.st.stm32cube.ide.mcu.externaltools.gnu-tools-for-stm32.11.3.rel1.win32_1.1.0.202305231506/tools/bin/../lib/gcc/arm-none-eabi/11.3.1/thumb/v7e-m+fp/hard\libgcc.a

.comment        0x0000000000000000       0x43
 .comment       0x0000000000000000       0x43 C:/ST/STM32CubeIDE_1.13.0/STM32CubeIDE/plugins/com.st.stm32cube.ide.mcu.externaltools.gnu-tools-for-stm32.11.3.rel1.win32_1.1.0.202305231506/tools/bin/../lib/gcc/arm-none-eabi/11.3.1/thumb/v7e-m+fp/hard/crtbegin.o
                                         0x44 (size before relaxing)
 .comment       0x0000000000000043       0x44 ./Src/App_Abdelrahman.o
 .comment       0x0000000000000043       0x44 ./Src/HAL/RTC/DS1307_RTC.o
 .comment       0x0000000000000043       0x44 ./Src/MCAL/DMA/DMA1_program.o
 .comment       0x0000000000000043       0x44 ./Src/MCAL/EXTI/EXTI_Program.o
 .comment       0x0000000000000043       0x44 ./Src/MCAL/GPIO/GPIO_program.o
 .comment       0x0000000000000043       0x44 ./Src/MCAL/I2C/I2C_Program.o
 .comment       0x0000000000000043       0x44 ./Src/MCAL/RCC/RCC_program.o
 .comment       0x0000000000000043       0x44 ./Src/MCAL/SPI/SPI_program.o
 .comment       0x0000000000000043       0x44 ./Src/MCAL/STK/SysTick_program.o
 .comment       0x0000000000000043       0x44 ./Src/MCAL/UART/USART_program.o

.debug_info     0x0000000000000000     0x3e9b
 .debug_info    0x0000000000000000       0xd7 ./Src/App_Abdelrahman.o
 .debug_info    0x00000000000000d7      0xc4d ./Src/HAL/RTC/DS1307_RTC.o
 .debug_info    0x0000000000000d24      0x459 ./Src/MCAL/DMA/DMA1_program.o
 .debug_info    0x000000000000117d      0x4ba ./Src/MCAL/EXTI/EXTI_Program.o
 .debug_info    0x0000000000001637      0x554 ./Src/MCAL/GPIO/GPIO_program.o
 .debug_info    0x0000000000001b8b      0xa68 ./Src/MCAL/I2C/I2C_Program.o
 .debug_info    0x00000000000025f3      0x4d0 ./Src/MCAL/RCC/RCC_program.o
 .debug_info    0x0000000000002ac3      0x695 ./Src/MCAL/SPI/SPI_program.o
 .debug_info    0x0000000000003158      0x2f5 ./Src/MCAL/STK/SysTick_program.o
 .debug_info    0x000000000000344d      0xa2b ./Src/MCAL/UART/USART_program.o
 .debug_info    0x0000000000003e78       0x23 ./Startup/startup_stm32f446retx.o

.debug_abbrev   0x0000000000000000      0xde6
 .debug_abbrev  0x0000000000000000       0x9a ./Src/App_Abdelrahman.o
 .debug_abbrev  0x000000000000009a      0x1ea ./Src/HAL/RTC/DS1307_RTC.o
 .debug_abbrev  0x0000000000000284      0x140 ./Src/MCAL/DMA/DMA1_program.o
 .debug_abbrev  0x00000000000003c4      0x14d ./Src/MCAL/EXTI/EXTI_Program.o
 .debug_abbrev  0x0000000000000511      0x123 ./Src/MCAL/GPIO/GPIO_program.o
 .debug_abbrev  0x0000000000000634      0x225 ./Src/MCAL/I2C/I2C_Program.o
 .debug_abbrev  0x0000000000000859       0xf0 ./Src/MCAL/RCC/RCC_program.o
 .debug_abbrev  0x0000000000000949      0x158 ./Src/MCAL/SPI/SPI_program.o
 .debug_abbrev  0x0000000000000aa1      0x157 ./Src/MCAL/STK/SysTick_program.o
 .debug_abbrev  0x0000000000000bf8      0x1dc ./Src/MCAL/UART/USART_program.o
 .debug_abbrev  0x0000000000000dd4       0x12 ./Startup/startup_stm32f446retx.o

.debug_aranges  0x0000000000000000      0x448
 .debug_aranges
                0x0000000000000000       0x28 ./Src/App_Abdelrahman.o
 .debug_aranges
                0x0000000000000028       0x68 ./Src/HAL/RTC/DS1307_RTC.o
 .debug_aranges
                0x0000000000000090       0x68 ./Src/MCAL/DMA/DMA1_program.o
 .debug_aranges
                0x00000000000000f8       0xc0 ./Src/MCAL/EXTI/EXTI_Program.o
 .debug_aranges
                0x00000000000001b8       0x38 ./Src/MCAL/GPIO/GPIO_program.o
 .debug_aranges
                0x00000000000001f0       0x90 ./Src/MCAL/I2C/I2C_Program.o
 .debug_aranges
                0x0000000000000280       0x58 ./Src/MCAL/RCC/RCC_program.o
 .debug_aranges
                0x00000000000002d8       0x70 ./Src/MCAL/SPI/SPI_program.o
 .debug_aranges
                0x0000000000000348       0x60 ./Src/MCAL/STK/SysTick_program.o
 .debug_aranges
                0x00000000000003a8       0x78 ./Src/MCAL/UART/USART_program.o
 .debug_aranges
                0x0000000000000420       0x28 ./Startup/startup_stm32f446retx.o

.debug_rnglists
                0x0000000000000000      0x312
 .debug_rnglists
                0x0000000000000000       0x19 ./Src/App_Abdelrahman.o
 .debug_rnglists
                0x0000000000000019       0x4b ./Src/HAL/RTC/DS1307_RTC.o
 .debug_rnglists
                0x0000000000000064       0x4b ./Src/MCAL/DMA/DMA1_program.o
 .debug_rnglists
                0x00000000000000af       0x8e ./Src/MCAL/EXTI/EXTI_Program.o
 .debug_rnglists
                0x000000000000013d       0x26 ./Src/MCAL/GPIO/GPIO_program.o
 .debug_rnglists
                0x0000000000000163       0x6b ./Src/MCAL/I2C/I2C_Program.o
 .debug_rnglists
                0x00000000000001ce       0x3d ./Src/MCAL/RCC/RCC_program.o
 .debug_rnglists
                0x000000000000020b       0x54 ./Src/MCAL/SPI/SPI_program.o
 .debug_rnglists
                0x000000000000025f       0x44 ./Src/MCAL/STK/SysTick_program.o
 .debug_rnglists
                0x00000000000002a3       0x56 ./Src/MCAL/UART/USART_program.o
 .debug_rnglists
                0x00000000000002f9       0x19 ./Startup/startup_stm32f446retx.o

.debug_macro    0x0000000000000000     0x23b6
 .debug_macro   0x0000000000000000       0x80 ./Src/App_Abdelrahman.o
 .debug_macro   0x0000000000000080      0xab4 ./Src/App_Abdelrahman.o
 .debug_macro   0x0000000000000b34       0x22 ./Src/App_Abdelrahman.o
 .debug_macro   0x0000000000000b56       0x8e ./Src/App_Abdelrahman.o
 .debug_macro   0x0000000000000be4       0x51 ./Src/App_Abdelrahman.o
 .debug_macro   0x0000000000000c35      0x103 ./Src/App_Abdelrahman.o
 .debug_macro   0x0000000000000d38       0x6a ./Src/App_Abdelrahman.o
 .debug_macro   0x0000000000000da2      0x1df ./Src/App_Abdelrahman.o
 .debug_macro   0x0000000000000f81      0x2a3 ./Src/App_Abdelrahman.o
 .debug_macro   0x0000000000001224       0xba ./Src/HAL/RTC/DS1307_RTC.o
 .debug_macro   0x00000000000012de       0x28 ./Src/HAL/RTC/DS1307_RTC.o
 .debug_macro   0x0000000000001306       0x52 ./Src/HAL/RTC/DS1307_RTC.o
 .debug_macro   0x0000000000001358      0x169 ./Src/MCAL/DMA/DMA1_program.o
 .debug_macro   0x00000000000014c1       0x16 ./Src/MCAL/DMA/DMA1_program.o
 .debug_macro   0x00000000000014d7       0x97 ./Src/MCAL/DMA/DMA1_program.o
 .debug_macro   0x000000000000156e       0xfd ./Src/MCAL/DMA/DMA1_program.o
 .debug_macro   0x000000000000166b       0x16 ./Src/MCAL/DMA/DMA1_program.o
 .debug_macro   0x0000000000001681       0x22 ./Src/MCAL/DMA/DMA1_program.o
 .debug_macro   0x00000000000016a3       0x3a ./Src/MCAL/DMA/DMA1_program.o
 .debug_macro   0x00000000000016dd      0x166 ./Src/MCAL/EXTI/EXTI_Program.o
 .debug_macro   0x0000000000001843       0x61 ./Src/MCAL/EXTI/EXTI_Program.o
 .debug_macro   0x00000000000018a4      0x172 ./Src/MCAL/GPIO/GPIO_program.o
 .debug_macro   0x0000000000001a16       0x22 ./Src/MCAL/GPIO/GPIO_program.o
 .debug_macro   0x0000000000001a38       0x58 ./Src/MCAL/GPIO/GPIO_program.o
 .debug_macro   0x0000000000001a90      0x172 ./Src/MCAL/I2C/I2C_Program.o
 .debug_macro   0x0000000000001c02       0x58 ./Src/MCAL/I2C/I2C_Program.o
 .debug_macro   0x0000000000001c5a      0x179 ./Src/MCAL/RCC/RCC_program.o
 .debug_macro   0x0000000000001dd3       0x88 ./Src/MCAL/SPI/SPI_program.o
 .debug_macro   0x0000000000001e5b       0xd0 ./Src/MCAL/SPI/SPI_program.o
 .debug_macro   0x0000000000001f2b      0x178 ./Src/MCAL/STK/SysTick_program.o
 .debug_macro   0x00000000000020a3       0x58 ./Src/MCAL/STK/SysTick_program.o
 .debug_macro   0x00000000000020fb      0x17b ./Src/MCAL/UART/USART_program.o
 .debug_macro   0x0000000000002276      0x124 ./Src/MCAL/UART/USART_program.o
 .debug_macro   0x000000000000239a       0x1c ./Src/MCAL/UART/USART_program.o

.debug_line     0x0000000000000000     0x53b0
 .debug_line    0x0000000000000000      0x495 ./Src/App_Abdelrahman.o
 .debug_line    0x0000000000000495      0x6fd ./Src/HAL/RTC/DS1307_RTC.o
 .debug_line    0x0000000000000b92      0x860 ./Src/MCAL/DMA/DMA1_program.o
 .debug_line    0x00000000000013f2      0x9bf ./Src/MCAL/EXTI/EXTI_Program.o
 .debug_line    0x0000000000001db1      0x82b ./Src/MCAL/GPIO/GPIO_program.o
 .debug_line    0x00000000000025dc      0xb83 ./Src/MCAL/I2C/I2C_Program.o
 .debug_line    0x000000000000315f      0x68b ./Src/MCAL/RCC/RCC_program.o
 .debug_line    0x00000000000037ea      0x906 ./Src/MCAL/SPI/SPI_program.o
 .debug_line    0x00000000000040f0      0x78a ./Src/MCAL/STK/SysTick_program.o
 .debug_line    0x000000000000487a      0xabb ./Src/MCAL/UART/USART_program.o
 .debug_line    0x0000000000005335       0x7b ./Startup/startup_stm32f446retx.o

.debug_str      0x0000000000000000     0xb554
 .debug_str     0x0000000000000000     0x495b ./Src/App_Abdelrahman.o
                                       0x4ac3 (size before relaxing)
 .debug_str     0x000000000000495b      0xeb5 ./Src/HAL/RTC/DS1307_RTC.o
                                       0x599a (size before relaxing)
 .debug_str     0x0000000000005810     0x3c51 ./Src/MCAL/DMA/DMA1_program.o
                                       0x8a57 (size before relaxing)
 .debug_str     0x0000000000009461      0x3ba ./Src/MCAL/EXTI/EXTI_Program.o
                                       0x88c4 (size before relaxing)
 .debug_str     0x000000000000981b      0x270 ./Src/MCAL/GPIO/GPIO_program.o
                                       0x8969 (size before relaxing)
 .debug_str     0x0000000000009a8b      0x389 ./Src/MCAL/I2C/I2C_Program.o
                                       0x8fba (size before relaxing)
 .debug_str     0x0000000000009e14      0x2f6 ./Src/MCAL/RCC/RCC_program.o
                                       0x8ba8 (size before relaxing)
 .debug_str     0x000000000000a10a      0x78d ./Src/MCAL/SPI/SPI_program.o
                                       0x5249 (size before relaxing)
 .debug_str     0x000000000000a897      0x2eb ./Src/MCAL/STK/SysTick_program.o
                                       0x8892 (size before relaxing)
 .debug_str     0x000000000000ab82      0x9a3 ./Src/MCAL/UART/USART_program.o
                                       0x9124 (size before relaxing)
 .debug_str     0x000000000000b525       0x2f ./Startup/startup_stm32f446retx.o
                                         0x9c (size before relaxing)

.debug_frame    0x0000000000000000      0xef0
 .debug_frame   0x0000000000000000       0x48 ./Src/App_Abdelrahman.o
 .debug_frame   0x0000000000000048      0x168 ./Src/HAL/RTC/DS1307_RTC.o
 .debug_frame   0x00000000000001b0      0x14c ./Src/MCAL/DMA/DMA1_program.o
 .debug_frame   0x00000000000002fc      0x2c8 ./Src/MCAL/EXTI/EXTI_Program.o
 .debug_frame   0x00000000000005c4       0xb0 ./Src/MCAL/GPIO/GPIO_program.o
 .debug_frame   0x0000000000000674      0x248 ./Src/MCAL/I2C/I2C_Program.o
 .debug_frame   0x00000000000008bc      0x150 ./Src/MCAL/RCC/RCC_program.o
 .debug_frame   0x0000000000000a0c      0x198 ./Src/MCAL/SPI/SPI_program.o
 .debug_frame   0x0000000000000ba4      0x154 ./Src/MCAL/STK/SysTick_program.o
 .debug_frame   0x0000000000000cf8      0x1cc ./Src/MCAL/UART/USART_program.o
 .debug_frame   0x0000000000000ec4       0x2c C:/ST/STM32CubeIDE_1.13.0/STM32CubeIDE/plugins/com.st.stm32cube.ide.mcu.externaltools.gnu-tools-for-stm32.11.3.rel1.win32_1.1.0.202305231506/tools/bin/../lib/gcc/arm-none-eabi/11.3.1/../../../../arm-none-eabi/lib/thumb/v7e-m+fp/hard\libc_nano.a(libc_a-init.o)

.debug_line_str
                0x0000000000000000       0x90
 .debug_line_str
                0x0000000000000000       0x90 ./Startup/startup_stm32f446retx.o
                                         0xa8 (size before relaxing)
