../Src/MCAL/DMA/DMA1_program.c:12:9:DMA1_init	24	static
../Src/MCAL/DMA/DMA1_program.c:60:6:DMA1_send_Data	24	static
../Src/MCAL/DMA/DMA1_program.c:67:9:DMA1_setCallBack	24	static
../Src/MCAL/DMA/DMA1_program.c:86:6:DMA1_Stream0_IRQHandler	8	static
../Src/MCAL/DMA/DMA1_program.c:91:6:DMA1_Stream1_IRQHandler	8	static
../Src/MCAL/DMA/DMA1_program.c:96:6:DMA1_Stream2_IRQHandler	8	static
../Src/MCAL/DMA/DMA1_program.c:101:6:DMA1_Stream3_IRQHandler	8	static
../Src/MCAL/DMA/DMA1_program.c:106:6:DMA1_Stream4_IRQHandler	8	static
../Src/MCAL/DMA/DMA1_program.c:111:6:DMA1_Stream5_IRQHandler	8	static
../Src/MCAL/DMA/DMA1_program.c:116:6:DMA1_Stream6_IRQHandler	8	static
